[0.052s] DEBUG:colcon:Command line arguments: ['/usr/bin/colcon', 'build', '--packages-select', 'rft_sensor_serial']
[0.052s] DEBUG:colcon:Parsed command line arguments: Namespace(log_base=None, log_level=None, verb_name='build', build_base='build', install_base='install', merge_install=False, symlink_install=False, test_result_base=None, continue_on_error=False, executor='parallel', parallel_workers=24, event_handlers=None, ignore_user_meta=False, metas=['./colcon.meta'], base_paths=['.'], packages_ignore=None, packages_ignore_regex=None, paths=None, packages_up_to=None, packages_up_to_regex=None, packages_above=None, packages_above_and_dependencies=None, packages_above_depth=None, packages_select_by_dep=None, packages_skip_by_dep=None, packages_skip_up_to=None, packages_select_build_failed=False, packages_skip_build_finished=False, packages_select_test_failures=False, packages_skip_test_passed=False, packages_select=['rft_sensor_serial'], packages_skip=None, packages_select_regex=None, packages_skip_regex=None, packages_start=None, packages_end=None, cmake_args=None, cmake_target=None, cmake_target_skip_unavailable=False, cmake_clean_cache=False, cmake_clean_first=False, cmake_force_configure=False, ament_cmake_args=None, catkin_cmake_args=None, catkin_skip_building_tests=False, mixin_files=None, mixin=None, verb_parser=<colcon_mixin.mixin.mixin_argument.MixinArgumentDecorator object at 0x7df186f48be0>, verb_extension=<colcon_core.verb.build.BuildVerb object at 0x7df186f48460>, main=<bound method BuildVerb.main of <colcon_core.verb.build.BuildVerb object at 0x7df186f48460>>, mixin_verb=('build',))
[0.119s] Level 1:colcon.colcon_core.package_discovery:discover_packages(colcon_meta) check parameters
[0.119s] Level 1:colcon.colcon_core.package_discovery:discover_packages(recursive) check parameters
[0.119s] Level 1:colcon.colcon_core.package_discovery:discover_packages(ignore) check parameters
[0.119s] Level 1:colcon.colcon_core.package_discovery:discover_packages(path) check parameters
[0.119s] Level 1:colcon.colcon_core.package_discovery:discover_packages(colcon_meta) discover
[0.119s] Level 1:colcon.colcon_core.package_discovery:discover_packages(recursive) discover
[0.119s] INFO:colcon.colcon_core.package_discovery:Crawling recursively for packages in '/ros2_ws/src/rft_sensor_serial'
[0.119s] Level 1:colcon.colcon_core.package_identification:_identify(.) by extensions ['ignore', 'ignore_ament_install']
[0.119s] Level 1:colcon.colcon_core.package_identification:_identify(.) by extension 'ignore'
[0.119s] Level 1:colcon.colcon_core.package_identification:_identify(.) by extension 'ignore_ament_install'
[0.119s] Level 1:colcon.colcon_core.package_identification:_identify(.) by extensions ['colcon_pkg']
[0.119s] Level 1:colcon.colcon_core.package_identification:_identify(.) by extension 'colcon_pkg'
[0.119s] Level 1:colcon.colcon_core.package_identification:_identify(.) by extensions ['colcon_meta']
[0.119s] Level 1:colcon.colcon_core.package_identification:_identify(.) by extension 'colcon_meta'
[0.119s] Level 1:colcon.colcon_core.package_identification:_identify(.) by extensions ['ros']
[0.119s] Level 1:colcon.colcon_core.package_identification:_identify(.) by extension 'ros'
[0.127s] DEBUG:colcon.colcon_core.package_identification:Package '.' with type 'ros.ament_cmake' and name 'rft_sensor_serial'
[0.127s] Level 1:colcon.colcon_core.package_discovery:discover_packages(recursive) using defaults
[0.127s] Level 1:colcon.colcon_core.package_discovery:discover_packages(ignore) discover
[0.127s] Level 1:colcon.colcon_core.package_discovery:discover_packages(ignore) using defaults
[0.127s] Level 1:colcon.colcon_core.package_discovery:discover_packages(path) discover
[0.127s] Level 1:colcon.colcon_core.package_discovery:discover_packages(path) using defaults
[0.137s] Level 5:colcon.colcon_core.verb:set package 'rft_sensor_serial' build argument 'cmake_args' from command line to 'None'
[0.137s] Level 5:colcon.colcon_core.verb:set package 'rft_sensor_serial' build argument 'cmake_target' from command line to 'None'
[0.137s] Level 5:colcon.colcon_core.verb:set package 'rft_sensor_serial' build argument 'cmake_target_skip_unavailable' from command line to 'False'
[0.137s] Level 5:colcon.colcon_core.verb:set package 'rft_sensor_serial' build argument 'cmake_clean_cache' from command line to 'False'
[0.137s] Level 5:colcon.colcon_core.verb:set package 'rft_sensor_serial' build argument 'cmake_clean_first' from command line to 'False'
[0.137s] Level 5:colcon.colcon_core.verb:set package 'rft_sensor_serial' build argument 'cmake_force_configure' from command line to 'False'
[0.137s] Level 5:colcon.colcon_core.verb:set package 'rft_sensor_serial' build argument 'ament_cmake_args' from command line to 'None'
[0.137s] Level 5:colcon.colcon_core.verb:set package 'rft_sensor_serial' build argument 'catkin_cmake_args' from command line to 'None'
[0.137s] Level 5:colcon.colcon_core.verb:set package 'rft_sensor_serial' build argument 'catkin_skip_building_tests' from command line to 'False'
[0.137s] DEBUG:colcon.colcon_core.verb:Building package 'rft_sensor_serial' with the following arguments: {'ament_cmake_args': None, 'build_base': '/ros2_ws/src/rft_sensor_serial/build/rft_sensor_serial', 'catkin_cmake_args': None, 'catkin_skip_building_tests': False, 'cmake_args': None, 'cmake_clean_cache': False, 'cmake_clean_first': False, 'cmake_force_configure': False, 'cmake_target': None, 'cmake_target_skip_unavailable': False, 'install_base': '/ros2_ws/src/rft_sensor_serial/install/rft_sensor_serial', 'merge_install': False, 'path': '/ros2_ws/src/rft_sensor_serial', 'symlink_install': False, 'test_result_base': None}
[0.137s] INFO:colcon.colcon_core.executor:Executing jobs using 'parallel' executor
[0.138s] DEBUG:colcon.colcon_parallel_executor.executor.parallel:run_until_complete
[0.138s] INFO:colcon.colcon_ros.task.ament_cmake.build:Building ROS package in '/ros2_ws/src/rft_sensor_serial' with build type 'ament_cmake'
[0.138s] INFO:colcon.colcon_cmake.task.cmake.build:Building CMake package in '/ros2_ws/src/rft_sensor_serial'
[0.139s] INFO:colcon.colcon_core.plugin_system:Skipping extension 'colcon_core.shell.bat': Not used on non-Windows systems
[0.139s] INFO:colcon.colcon_core.shell:Skip shell extension 'powershell' for command environment: Not usable outside of PowerShell
[0.139s] DEBUG:colcon.colcon_core.shell:Skip shell extension 'dsv' for command environment
[0.144s] DEBUG:colcon.colcon_core.event_handler.log_command:Invoking command in '/ros2_ws/src/rft_sensor_serial/build/rft_sensor_serial': CMAKE_PREFIX_PATH=/opt/ros/humble /usr/bin/cmake /ros2_ws/src/rft_sensor_serial -DCMAKE_INSTALL_PREFIX=/ros2_ws/src/rft_sensor_serial/install/rft_sensor_serial
[2.112s] DEBUG:colcon.colcon_core.event_handler.log_command:Invoked command in '/ros2_ws/src/rft_sensor_serial/build/rft_sensor_serial' returned '0': CMAKE_PREFIX_PATH=/opt/ros/humble /usr/bin/cmake /ros2_ws/src/rft_sensor_serial -DCMAKE_INSTALL_PREFIX=/ros2_ws/src/rft_sensor_serial/install/rft_sensor_serial
[2.112s] DEBUG:colcon.colcon_core.event_handler.log_command:Invoking command in '/ros2_ws/src/rft_sensor_serial/build/rft_sensor_serial': CMAKE_PREFIX_PATH=/opt/ros/humble /usr/bin/cmake --build /ros2_ws/src/rft_sensor_serial/build/rft_sensor_serial -- -j24 -l24
[2.445s] DEBUG:colcon.colcon_core.event_handler.log_command:Invoked command in '/ros2_ws/src/rft_sensor_serial/build/rft_sensor_serial' returned '2': CMAKE_PREFIX_PATH=/opt/ros/humble /usr/bin/cmake --build /ros2_ws/src/rft_sensor_serial/build/rft_sensor_serial -- -j24 -l24
[2.519s] Level 1:colcon.colcon_core.environment:create_environment_scripts_only(rft_sensor_serial)
[2.520s] Level 1:colcon.colcon_core.environment:checking '/ros2_ws/src/rft_sensor_serial/install/rft_sensor_serial' for CMake module files
[2.521s] Level 1:colcon.colcon_core.environment:checking '/ros2_ws/src/rft_sensor_serial/install/rft_sensor_serial' for CMake config files
[2.521s] Level 1:colcon.colcon_core.environment:checking '/ros2_ws/src/rft_sensor_serial/install/rft_sensor_serial/bin'
[2.521s] Level 1:colcon.colcon_core.environment:checking '/ros2_ws/src/rft_sensor_serial/install/rft_sensor_serial/lib/pkgconfig/rft_sensor_serial.pc'
[2.522s] Level 1:colcon.colcon_core.environment:checking '/ros2_ws/src/rft_sensor_serial/install/rft_sensor_serial/lib/python3.10/site-packages'
[2.522s] Level 1:colcon.colcon_core.environment:checking '/ros2_ws/src/rft_sensor_serial/install/rft_sensor_serial/bin'
[2.522s] INFO:colcon.colcon_core.shell:Creating package script '/ros2_ws/src/rft_sensor_serial/install/rft_sensor_serial/share/rft_sensor_serial/package.ps1'
[2.523s] INFO:colcon.colcon_core.shell:Creating package descriptor '/ros2_ws/src/rft_sensor_serial/install/rft_sensor_serial/share/rft_sensor_serial/package.dsv'
[2.523s] INFO:colcon.colcon_core.shell:Creating package script '/ros2_ws/src/rft_sensor_serial/install/rft_sensor_serial/share/rft_sensor_serial/package.sh'
[2.523s] INFO:colcon.colcon_core.shell:Creating package script '/ros2_ws/src/rft_sensor_serial/install/rft_sensor_serial/share/rft_sensor_serial/package.bash'
[2.524s] INFO:colcon.colcon_core.shell:Creating package script '/ros2_ws/src/rft_sensor_serial/install/rft_sensor_serial/share/rft_sensor_serial/package.zsh'
[2.525s] Level 1:colcon.colcon_core.environment:create_file_with_runtime_dependencies(/ros2_ws/src/rft_sensor_serial/install/rft_sensor_serial/share/colcon-core/packages/rft_sensor_serial)
[2.535s] DEBUG:colcon.colcon_parallel_executor.executor.parallel:closing loop
[2.535s] DEBUG:colcon.colcon_parallel_executor.executor.parallel:loop closed
[2.535s] DEBUG:colcon.colcon_parallel_executor.executor.parallel:run_until_complete finished with '2'
[2.535s] DEBUG:colcon.colcon_core.event_reactor:joining thread
[2.548s] INFO:colcon.colcon_core.plugin_system:Skipping extension 'colcon_notification.desktop_notification.notify_send': Could not find 'notify-send'
[2.548s] INFO:colcon.colcon_core.plugin_system:Skipping extension 'colcon_notification.desktop_notification.terminal_notifier': Not used on non-Darwin systems
[2.548s] INFO:colcon.colcon_core.plugin_system:Skipping extension 'colcon_notification.desktop_notification.win32': Not used on non-Windows systems
[2.548s] INFO:colcon.colcon_notification.desktop_notification:Sending desktop notification using 'notify2'
[2.550s] DEBUG:colcon.colcon_notification.desktop_notification.notify2:Failed to initialize notify2: org.freedesktop.DBus.Error.Spawn.ExecFailed: /usr/bin/dbus-launch terminated abnormally without any error message
[2.550s] DEBUG:colcon.colcon_core.event_reactor:joined thread
[2.551s] INFO:colcon.colcon_core.shell:Creating prefix script '/ros2_ws/src/rft_sensor_serial/install/local_setup.ps1'
[2.552s] INFO:colcon.colcon_core.shell:Creating prefix util module '/ros2_ws/src/rft_sensor_serial/install/_local_setup_util_ps1.py'
[2.553s] INFO:colcon.colcon_core.shell:Creating prefix chain script '/ros2_ws/src/rft_sensor_serial/install/setup.ps1'
[2.554s] INFO:colcon.colcon_core.shell:Creating prefix script '/ros2_ws/src/rft_sensor_serial/install/local_setup.sh'
[2.555s] INFO:colcon.colcon_core.shell:Creating prefix util module '/ros2_ws/src/rft_sensor_serial/install/_local_setup_util_sh.py'
[2.555s] INFO:colcon.colcon_core.shell:Creating prefix chain script '/ros2_ws/src/rft_sensor_serial/install/setup.sh'
[2.556s] INFO:colcon.colcon_core.shell:Creating prefix script '/ros2_ws/src/rft_sensor_serial/install/local_setup.bash'
[2.556s] INFO:colcon.colcon_core.shell:Creating prefix chain script '/ros2_ws/src/rft_sensor_serial/install/setup.bash'
[2.558s] INFO:colcon.colcon_core.shell:Creating prefix script '/ros2_ws/src/rft_sensor_serial/install/local_setup.zsh'
[2.558s] INFO:colcon.colcon_core.shell:Creating prefix chain script '/ros2_ws/src/rft_sensor_serial/install/setup.zsh'
