[35m[1mConsolidate compiler generated dependencies of target rft_sensor_serial__rosidl_generator_c[0m
[35m[1mConsolidate compiler generated dependencies of target rft_sensor_serial_hardware[0m
[ 10%] Built target rft_sensor_serial__cpp
[ 10%] Built target rft_sensor_serial__rosidl_generator_c
[ 12%] [32mBuilding CXX object CMakeFiles/rft_sensor_serial_hardware.dir/src/hardware/rft_sensor_hardware.cpp.o[0m
[ 14%] [34m[1mGenerating C++ type support dispatch for ROS interfaces[0m
[ 14%] Built target ament_cmake_python_copy_rft_sensor_serial
[ 17%] [34m[1mGenerating C++ type support for eProsima Fast-RTPS[0m
[ 19%] [34m[1mGenerating C type support dispatch for ROS interfaces[0m
[ 21%] [34m[1mGenerating C type support for eProsima Fast-RTPS[0m
[ 23%] [34m[1mGenerating C introspection for ROS interfaces[0m
[ 25%] [34m[1mGenerating C++ introspection for ROS interfaces[0m
running egg_info
writing rft_sensor_serial.egg-info/PKG-INFO
writing dependency_links to rft_sensor_serial.egg-info/dependency_links.txt
writing top-level names to rft_sensor_serial.egg-info/top_level.txt
reading manifest file 'rft_sensor_serial.egg-info/SOURCES.txt'
writing manifest file 'rft_sensor_serial.egg-info/SOURCES.txt'
[ 25%] Built target ament_cmake_python_build_rft_sensor_serial_egg
[ 31%] [32mBuilding CXX object CMakeFiles/rft_sensor_serial__rosidl_typesupport_c.dir/rosidl_typesupport_c/rft_sensor_serial/srv/rft_operation__type_support.cpp.o[0m
[ 31%] [32mBuilding CXX object CMakeFiles/rft_sensor_serial__rosidl_typesupport_cpp.dir/rosidl_typesupport_cpp/rft_sensor_serial/srv/rft_operation__type_support.cpp.o[0m
[ 31%] [32mBuilding CXX object CMakeFiles/rft_sensor_serial__rosidl_typesupport_c.dir/rosidl_typesupport_c/rft_sensor_serial/srv/multiplier__type_support.cpp.o[0m
[ 34%] [32mBuilding CXX object CMakeFiles/rft_sensor_serial__rosidl_typesupport_cpp.dir/rosidl_typesupport_cpp/rft_sensor_serial/srv/multiplier__type_support.cpp.o[0m
[ 36%] [32mBuilding CXX object CMakeFiles/rft_sensor_serial__rosidl_typesupport_introspection_cpp.dir/rosidl_typesupport_introspection_cpp/rft_sensor_serial/srv/detail/rft_operation__type_support.cpp.o[0m
[ 38%] [32mBuilding CXX object CMakeFiles/rft_sensor_serial__rosidl_typesupport_introspection_cpp.dir/rosidl_typesupport_introspection_cpp/rft_sensor_serial/srv/detail/multiplier__type_support.cpp.o[0m
[ 40%] [32m[1mLinking CXX shared library librft_sensor_serial__rosidl_typesupport_c.so[0m
[ 42%] [32mBuilding CXX object CMakeFiles/rft_sensor_serial__rosidl_typesupport_fastrtps_cpp.dir/rosidl_typesupport_fastrtps_cpp/rft_sensor_serial/srv/detail/dds_fastrtps/rft_operation__type_support.cpp.o[0m
[ 46%] [32mBuilding CXX object CMakeFiles/rft_sensor_serial__rosidl_typesupport_fastrtps_c.dir/rosidl_typesupport_fastrtps_c/rft_sensor_serial/srv/detail/multiplier__type_support_c.cpp.o[0m
[ 46%] [32mBuilding CXX object CMakeFiles/rft_sensor_serial__rosidl_typesupport_fastrtps_c.dir/rosidl_typesupport_fastrtps_c/rft_sensor_serial/srv/detail/rft_operation__type_support_c.cpp.o[0m
[ 48%] [32mBuilding CXX object CMakeFiles/rft_sensor_serial__rosidl_typesupport_fastrtps_cpp.dir/rosidl_typesupport_fastrtps_cpp/rft_sensor_serial/srv/detail/dds_fastrtps/multiplier__type_support.cpp.o[0m
[ 51%] [32mBuilding C object CMakeFiles/rft_sensor_serial__rosidl_typesupport_introspection_c.dir/rosidl_typesupport_introspection_c/rft_sensor_serial/srv/detail/multiplier__type_support.c.o[0m
[ 53%] [32mBuilding C object CMakeFiles/rft_sensor_serial__rosidl_typesupport_introspection_c.dir/rosidl_typesupport_introspection_c/rft_sensor_serial/srv/detail/rft_operation__type_support.c.o[0m
[ 53%] Built target rft_sensor_serial__rosidl_typesupport_c
[ 55%] [32m[1mLinking C shared library librft_sensor_serial__rosidl_typesupport_introspection_c.so[0m
[ 55%] Built target rft_sensor_serial__rosidl_typesupport_introspection_c
[ 57%] [32m[1mLinking CXX shared library librft_sensor_serial__rosidl_typesupport_cpp.so[0m
[ 57%] Built target rft_sensor_serial__rosidl_typesupport_cpp
[ 59%] [32m[1mLinking CXX shared library librft_sensor_serial__rosidl_typesupport_introspection_cpp.so[0m
[ 61%] [32mBuilding CXX object CMakeFiles/rft_sensor_serial_node.dir/src/main.cpp.o[0m
[ 63%] [32mBuilding CXX object CMakeFiles/rft_sensor_serial_node.dir/src/RFT_IF_PACKET_Rev1.2.cpp.o[0m
[ 65%] [32mBuilding CXX object CMakeFiles/rft_sensor_serial_node.dir/src/RFT_COM.cpp.o[0m
[ 65%] Built target rft_sensor_serial__rosidl_typesupport_introspection_cpp
[ 68%] [32m[1mLinking CXX shared library librft_sensor_serial__rosidl_typesupport_fastrtps_c.so[0m
[ 70%] [32m[1mLinking CXX shared library librft_sensor_serial__rosidl_typesupport_fastrtps_cpp.so[0m
[ 70%] Built target rft_sensor_serial__rosidl_typesupport_fastrtps_cpp
[ 70%] Built target rft_sensor_serial__rosidl_typesupport_fastrtps_c
[ 70%] Built target rft_sensor_serial
[ 72%] [34m[1mGenerating Python code for ROS interfaces[0m
[ 72%] Built target rft_sensor_serial__py
[ 76%] [32mBuilding C object CMakeFiles/rft_sensor_serial__rosidl_generator_py.dir/rosidl_generator_py/rft_sensor_serial/srv/_multiplier_s.c.o[0m
[ 76%] [32mBuilding C object CMakeFiles/rft_sensor_serial__rosidl_generator_py.dir/rosidl_generator_py/rft_sensor_serial/srv/_rft_operation_s.c.o[0m
[ 78%] [32m[1mLinking C shared library rosidl_generator_py/rft_sensor_serial/librft_sensor_serial__rosidl_generator_py.so[0m
[ 78%] Built target rft_sensor_serial__rosidl_generator_py
[ 82%] [32mBuilding C object CMakeFiles/rft_sensor_serial__rosidl_typesupport_c__pyext.dir/rosidl_generator_py/rft_sensor_serial/_rft_sensor_serial_s.ep.rosidl_typesupport_c.c.o[0m
[ 82%] [32mBuilding C object CMakeFiles/rft_sensor_serial__rosidl_typesupport_introspection_c__pyext.dir/rosidl_generator_py/rft_sensor_serial/_rft_sensor_serial_s.ep.rosidl_typesupport_introspection_c.c.o[0m
[ 85%] [32mBuilding C object CMakeFiles/rft_sensor_serial__rosidl_typesupport_fastrtps_c__pyext.dir/rosidl_generator_py/rft_sensor_serial/_rft_sensor_serial_s.ep.rosidl_typesupport_fastrtps_c.c.o[0m
[ 87%] [32m[1mLinking C shared library rosidl_generator_py/rft_sensor_serial/rft_sensor_serial_s__rosidl_typesupport_c.cpython-310-x86_64-linux-gnu.so[0m
[ 89%] [32m[1mLinking C shared library rosidl_generator_py/rft_sensor_serial/rft_sensor_serial_s__rosidl_typesupport_introspection_c.cpython-310-x86_64-linux-gnu.so[0m
[ 91%] [32m[1mLinking C shared library rosidl_generator_py/rft_sensor_serial/rft_sensor_serial_s__rosidl_typesupport_fastrtps_c.cpython-310-x86_64-linux-gnu.so[0m
[ 91%] Built target rft_sensor_serial__rosidl_typesupport_fastrtps_c__pyext
[ 91%] Built target rft_sensor_serial__rosidl_typesupport_c__pyext
[ 91%] Built target rft_sensor_serial__rosidl_typesupport_introspection_c__pyext
[ 93%] [32m[1mLinking CXX shared library librft_sensor_serial_hardware.so[0m
[ 97%] Built target rft_sensor_serial_hardware
[100%] [32m[1mLinking CXX executable rft_sensor_serial_node[0m
[100%] Built target rft_sensor_serial_node
-- Install configuration: ""
-- Installing: /ros2_ws/src/rft_sensor_serial/install/rft_sensor_serial/share/ament_index/resource_index/rosidl_interfaces/rft_sensor_serial
-- Installing: /ros2_ws/src/rft_sensor_serial/install/rft_sensor_serial/include/rft_sensor_serial/rft_sensor_serial
-- Installing: /ros2_ws/src/rft_sensor_serial/install/rft_sensor_serial/include/rft_sensor_serial/rft_sensor_serial/msg
-- Installing: /ros2_ws/src/rft_sensor_serial/install/rft_sensor_serial/include/rft_sensor_serial/rft_sensor_serial/msg/rosidl_generator_c__visibility_control.h
-- Installing: /ros2_ws/src/rft_sensor_serial/install/rft_sensor_serial/include/rft_sensor_serial/rft_sensor_serial/srv
-- Installing: /ros2_ws/src/rft_sensor_serial/install/rft_sensor_serial/include/rft_sensor_serial/rft_sensor_serial/srv/detail
-- Installing: /ros2_ws/src/rft_sensor_serial/install/rft_sensor_serial/include/rft_sensor_serial/rft_sensor_serial/srv/detail/multiplier__functions.c
-- Installing: /ros2_ws/src/rft_sensor_serial/install/rft_sensor_serial/include/rft_sensor_serial/rft_sensor_serial/srv/detail/multiplier__functions.h
-- Installing: /ros2_ws/src/rft_sensor_serial/install/rft_sensor_serial/include/rft_sensor_serial/rft_sensor_serial/srv/detail/multiplier__struct.h
-- Installing: /ros2_ws/src/rft_sensor_serial/install/rft_sensor_serial/include/rft_sensor_serial/rft_sensor_serial/srv/detail/multiplier__type_support.h
-- Installing: /ros2_ws/src/rft_sensor_serial/install/rft_sensor_serial/include/rft_sensor_serial/rft_sensor_serial/srv/detail/rft_operation__functions.c
-- Installing: /ros2_ws/src/rft_sensor_serial/install/rft_sensor_serial/include/rft_sensor_serial/rft_sensor_serial/srv/detail/rft_operation__functions.h
-- Installing: /ros2_ws/src/rft_sensor_serial/install/rft_sensor_serial/include/rft_sensor_serial/rft_sensor_serial/srv/detail/rft_operation__struct.h
-- Installing: /ros2_ws/src/rft_sensor_serial/install/rft_sensor_serial/include/rft_sensor_serial/rft_sensor_serial/srv/detail/rft_operation__type_support.h
-- Installing: /ros2_ws/src/rft_sensor_serial/install/rft_sensor_serial/include/rft_sensor_serial/rft_sensor_serial/srv/multiplier.h
-- Installing: /ros2_ws/src/rft_sensor_serial/install/rft_sensor_serial/include/rft_sensor_serial/rft_sensor_serial/srv/rft_operation.h
-- Installing: /ros2_ws/src/rft_sensor_serial/install/rft_sensor_serial/share/rft_sensor_serial/environment/library_path.sh
-- Installing: /ros2_ws/src/rft_sensor_serial/install/rft_sensor_serial/share/rft_sensor_serial/environment/library_path.dsv
-- Installing: /ros2_ws/src/rft_sensor_serial/install/rft_sensor_serial/lib/librft_sensor_serial__rosidl_generator_c.so
-- Set runtime path of "/ros2_ws/src/rft_sensor_serial/install/rft_sensor_serial/lib/librft_sensor_serial__rosidl_generator_c.so" to ""
-- Up-to-date: /ros2_ws/src/rft_sensor_serial/install/rft_sensor_serial/include/rft_sensor_serial/rft_sensor_serial
-- Up-to-date: /ros2_ws/src/rft_sensor_serial/install/rft_sensor_serial/include/rft_sensor_serial/rft_sensor_serial/msg
-- Installing: /ros2_ws/src/rft_sensor_serial/install/rft_sensor_serial/include/rft_sensor_serial/rft_sensor_serial/msg/rosidl_typesupport_fastrtps_c__visibility_control.h
-- Up-to-date: /ros2_ws/src/rft_sensor_serial/install/rft_sensor_serial/include/rft_sensor_serial/rft_sensor_serial/srv
-- Up-to-date: /ros2_ws/src/rft_sensor_serial/install/rft_sensor_serial/include/rft_sensor_serial/rft_sensor_serial/srv/detail
-- Installing: /ros2_ws/src/rft_sensor_serial/install/rft_sensor_serial/include/rft_sensor_serial/rft_sensor_serial/srv/detail/multiplier__rosidl_typesupport_fastrtps_c.h
-- Installing: /ros2_ws/src/rft_sensor_serial/install/rft_sensor_serial/include/rft_sensor_serial/rft_sensor_serial/srv/detail/rft_operation__rosidl_typesupport_fastrtps_c.h
-- Installing: /ros2_ws/src/rft_sensor_serial/install/rft_sensor_serial/lib/librft_sensor_serial__rosidl_typesupport_fastrtps_c.so
-- Set runtime path of "/ros2_ws/src/rft_sensor_serial/install/rft_sensor_serial/lib/librft_sensor_serial__rosidl_typesupport_fastrtps_c.so" to ""
-- Up-to-date: /ros2_ws/src/rft_sensor_serial/install/rft_sensor_serial/include/rft_sensor_serial/rft_sensor_serial
-- Up-to-date: /ros2_ws/src/rft_sensor_serial/install/rft_sensor_serial/include/rft_sensor_serial/rft_sensor_serial/srv
-- Up-to-date: /ros2_ws/src/rft_sensor_serial/install/rft_sensor_serial/include/rft_sensor_serial/rft_sensor_serial/srv/detail
-- Installing: /ros2_ws/src/rft_sensor_serial/install/rft_sensor_serial/include/rft_sensor_serial/rft_sensor_serial/srv/detail/multiplier__builder.hpp
-- Installing: /ros2_ws/src/rft_sensor_serial/install/rft_sensor_serial/include/rft_sensor_serial/rft_sensor_serial/srv/detail/multiplier__struct.hpp
-- Installing: /ros2_ws/src/rft_sensor_serial/install/rft_sensor_serial/include/rft_sensor_serial/rft_sensor_serial/srv/detail/multiplier__traits.hpp
-- Installing: /ros2_ws/src/rft_sensor_serial/install/rft_sensor_serial/include/rft_sensor_serial/rft_sensor_serial/srv/detail/rft_operation__builder.hpp
-- Installing: /ros2_ws/src/rft_sensor_serial/install/rft_sensor_serial/include/rft_sensor_serial/rft_sensor_serial/srv/detail/rft_operation__struct.hpp
-- Installing: /ros2_ws/src/rft_sensor_serial/install/rft_sensor_serial/include/rft_sensor_serial/rft_sensor_serial/srv/detail/rft_operation__traits.hpp
-- Installing: /ros2_ws/src/rft_sensor_serial/install/rft_sensor_serial/include/rft_sensor_serial/rft_sensor_serial/srv/multiplier.hpp
-- Installing: /ros2_ws/src/rft_sensor_serial/install/rft_sensor_serial/include/rft_sensor_serial/rft_sensor_serial/srv/rft_operation.hpp
-- Up-to-date: /ros2_ws/src/rft_sensor_serial/install/rft_sensor_serial/include/rft_sensor_serial/rft_sensor_serial
-- Up-to-date: /ros2_ws/src/rft_sensor_serial/install/rft_sensor_serial/include/rft_sensor_serial/rft_sensor_serial/msg
-- Installing: /ros2_ws/src/rft_sensor_serial/install/rft_sensor_serial/include/rft_sensor_serial/rft_sensor_serial/msg/rosidl_typesupport_fastrtps_cpp__visibility_control.h
-- Up-to-date: /ros2_ws/src/rft_sensor_serial/install/rft_sensor_serial/include/rft_sensor_serial/rft_sensor_serial/srv
-- Up-to-date: /ros2_ws/src/rft_sensor_serial/install/rft_sensor_serial/include/rft_sensor_serial/rft_sensor_serial/srv/detail
-- Installing: /ros2_ws/src/rft_sensor_serial/install/rft_sensor_serial/include/rft_sensor_serial/rft_sensor_serial/srv/detail/dds_fastrtps
-- Installing: /ros2_ws/src/rft_sensor_serial/install/rft_sensor_serial/include/rft_sensor_serial/rft_sensor_serial/srv/detail/multiplier__rosidl_typesupport_fastrtps_cpp.hpp
-- Installing: /ros2_ws/src/rft_sensor_serial/install/rft_sensor_serial/include/rft_sensor_serial/rft_sensor_serial/srv/detail/rft_operation__rosidl_typesupport_fastrtps_cpp.hpp
-- Installing: /ros2_ws/src/rft_sensor_serial/install/rft_sensor_serial/lib/librft_sensor_serial__rosidl_typesupport_fastrtps_cpp.so
-- Set runtime path of "/ros2_ws/src/rft_sensor_serial/install/rft_sensor_serial/lib/librft_sensor_serial__rosidl_typesupport_fastrtps_cpp.so" to ""
-- Up-to-date: /ros2_ws/src/rft_sensor_serial/install/rft_sensor_serial/include/rft_sensor_serial/rft_sensor_serial
-- Up-to-date: /ros2_ws/src/rft_sensor_serial/install/rft_sensor_serial/include/rft_sensor_serial/rft_sensor_serial/msg
-- Installing: /ros2_ws/src/rft_sensor_serial/install/rft_sensor_serial/include/rft_sensor_serial/rft_sensor_serial/msg/rosidl_typesupport_introspection_c__visibility_control.h
-- Up-to-date: /ros2_ws/src/rft_sensor_serial/install/rft_sensor_serial/include/rft_sensor_serial/rft_sensor_serial/srv
-- Up-to-date: /ros2_ws/src/rft_sensor_serial/install/rft_sensor_serial/include/rft_sensor_serial/rft_sensor_serial/srv/detail
-- Installing: /ros2_ws/src/rft_sensor_serial/install/rft_sensor_serial/include/rft_sensor_serial/rft_sensor_serial/srv/detail/multiplier__rosidl_typesupport_introspection_c.h
-- Installing: /ros2_ws/src/rft_sensor_serial/install/rft_sensor_serial/include/rft_sensor_serial/rft_sensor_serial/srv/detail/multiplier__type_support.c
-- Installing: /ros2_ws/src/rft_sensor_serial/install/rft_sensor_serial/include/rft_sensor_serial/rft_sensor_serial/srv/detail/rft_operation__rosidl_typesupport_introspection_c.h
-- Installing: /ros2_ws/src/rft_sensor_serial/install/rft_sensor_serial/include/rft_sensor_serial/rft_sensor_serial/srv/detail/rft_operation__type_support.c
-- Installing: /ros2_ws/src/rft_sensor_serial/install/rft_sensor_serial/lib/librft_sensor_serial__rosidl_typesupport_introspection_c.so
-- Set runtime path of "/ros2_ws/src/rft_sensor_serial/install/rft_sensor_serial/lib/librft_sensor_serial__rosidl_typesupport_introspection_c.so" to ""
-- Installing: /ros2_ws/src/rft_sensor_serial/install/rft_sensor_serial/lib/librft_sensor_serial__rosidl_typesupport_c.so
-- Set runtime path of "/ros2_ws/src/rft_sensor_serial/install/rft_sensor_serial/lib/librft_sensor_serial__rosidl_typesupport_c.so" to ""
-- Up-to-date: /ros2_ws/src/rft_sensor_serial/install/rft_sensor_serial/include/rft_sensor_serial/rft_sensor_serial
-- Up-to-date: /ros2_ws/src/rft_sensor_serial/install/rft_sensor_serial/include/rft_sensor_serial/rft_sensor_serial/srv
-- Up-to-date: /ros2_ws/src/rft_sensor_serial/install/rft_sensor_serial/include/rft_sensor_serial/rft_sensor_serial/srv/detail
-- Installing: /ros2_ws/src/rft_sensor_serial/install/rft_sensor_serial/include/rft_sensor_serial/rft_sensor_serial/srv/detail/multiplier__rosidl_typesupport_introspection_cpp.hpp
-- Installing: /ros2_ws/src/rft_sensor_serial/install/rft_sensor_serial/include/rft_sensor_serial/rft_sensor_serial/srv/detail/multiplier__type_support.cpp
-- Installing: /ros2_ws/src/rft_sensor_serial/install/rft_sensor_serial/include/rft_sensor_serial/rft_sensor_serial/srv/detail/rft_operation__rosidl_typesupport_introspection_cpp.hpp
-- Installing: /ros2_ws/src/rft_sensor_serial/install/rft_sensor_serial/include/rft_sensor_serial/rft_sensor_serial/srv/detail/rft_operation__type_support.cpp
-- Installing: /ros2_ws/src/rft_sensor_serial/install/rft_sensor_serial/lib/librft_sensor_serial__rosidl_typesupport_introspection_cpp.so
-- Set runtime path of "/ros2_ws/src/rft_sensor_serial/install/rft_sensor_serial/lib/librft_sensor_serial__rosidl_typesupport_introspection_cpp.so" to ""
-- Installing: /ros2_ws/src/rft_sensor_serial/install/rft_sensor_serial/lib/librft_sensor_serial__rosidl_typesupport_cpp.so
-- Set runtime path of "/ros2_ws/src/rft_sensor_serial/install/rft_sensor_serial/lib/librft_sensor_serial__rosidl_typesupport_cpp.so" to ""
-- Installing: /ros2_ws/src/rft_sensor_serial/install/rft_sensor_serial/share/rft_sensor_serial/environment/pythonpath.sh
-- Installing: /ros2_ws/src/rft_sensor_serial/install/rft_sensor_serial/share/rft_sensor_serial/environment/pythonpath.dsv
-- Installing: /ros2_ws/src/rft_sensor_serial/install/rft_sensor_serial/local/lib/python3.10/dist-packages/rft_sensor_serial-0.0.1-py3.10.egg-info
-- Installing: /ros2_ws/src/rft_sensor_serial/install/rft_sensor_serial/local/lib/python3.10/dist-packages/rft_sensor_serial-0.0.1-py3.10.egg-info/dependency_links.txt
-- Installing: /ros2_ws/src/rft_sensor_serial/install/rft_sensor_serial/local/lib/python3.10/dist-packages/rft_sensor_serial-0.0.1-py3.10.egg-info/PKG-INFO
-- Installing: /ros2_ws/src/rft_sensor_serial/install/rft_sensor_serial/local/lib/python3.10/dist-packages/rft_sensor_serial-0.0.1-py3.10.egg-info/SOURCES.txt
-- Installing: /ros2_ws/src/rft_sensor_serial/install/rft_sensor_serial/local/lib/python3.10/dist-packages/rft_sensor_serial-0.0.1-py3.10.egg-info/top_level.txt
-- Installing: /ros2_ws/src/rft_sensor_serial/install/rft_sensor_serial/local/lib/python3.10/dist-packages/rft_sensor_serial
-- Installing: /ros2_ws/src/rft_sensor_serial/install/rft_sensor_serial/local/lib/python3.10/dist-packages/rft_sensor_serial/librft_sensor_serial__rosidl_generator_py.so
-- Installing: /ros2_ws/src/rft_sensor_serial/install/rft_sensor_serial/local/lib/python3.10/dist-packages/rft_sensor_serial/rft_sensor_serial_s__rosidl_typesupport_c.cpython-310-x86_64-linux-gnu.so
-- Installing: /ros2_ws/src/rft_sensor_serial/install/rft_sensor_serial/local/lib/python3.10/dist-packages/rft_sensor_serial/rft_sensor_serial_s__rosidl_typesupport_fastrtps_c.cpython-310-x86_64-linux-gnu.so
-- Installing: /ros2_ws/src/rft_sensor_serial/install/rft_sensor_serial/local/lib/python3.10/dist-packages/rft_sensor_serial/rft_sensor_serial_s__rosidl_typesupport_introspection_c.cpython-310-x86_64-linux-gnu.so
-- Installing: /ros2_ws/src/rft_sensor_serial/install/rft_sensor_serial/local/lib/python3.10/dist-packages/rft_sensor_serial/srv
-- Installing: /ros2_ws/src/rft_sensor_serial/install/rft_sensor_serial/local/lib/python3.10/dist-packages/rft_sensor_serial/srv/_multiplier.py
-- Installing: /ros2_ws/src/rft_sensor_serial/install/rft_sensor_serial/local/lib/python3.10/dist-packages/rft_sensor_serial/srv/_multiplier_s.c
-- Installing: /ros2_ws/src/rft_sensor_serial/install/rft_sensor_serial/local/lib/python3.10/dist-packages/rft_sensor_serial/srv/_rft_operation.py
-- Installing: /ros2_ws/src/rft_sensor_serial/install/rft_sensor_serial/local/lib/python3.10/dist-packages/rft_sensor_serial/srv/_rft_operation_s.c
-- Installing: /ros2_ws/src/rft_sensor_serial/install/rft_sensor_serial/local/lib/python3.10/dist-packages/rft_sensor_serial/srv/__init__.py
-- Installing: /ros2_ws/src/rft_sensor_serial/install/rft_sensor_serial/local/lib/python3.10/dist-packages/rft_sensor_serial/_rft_sensor_serial_s.ep.rosidl_typesupport_c.c
-- Installing: /ros2_ws/src/rft_sensor_serial/install/rft_sensor_serial/local/lib/python3.10/dist-packages/rft_sensor_serial/_rft_sensor_serial_s.ep.rosidl_typesupport_fastrtps_c.c
-- Installing: /ros2_ws/src/rft_sensor_serial/install/rft_sensor_serial/local/lib/python3.10/dist-packages/rft_sensor_serial/_rft_sensor_serial_s.ep.rosidl_typesupport_introspection_c.c
-- Installing: /ros2_ws/src/rft_sensor_serial/install/rft_sensor_serial/local/lib/python3.10/dist-packages/rft_sensor_serial/__init__.py
Listing '/ros2_ws/src/rft_sensor_serial/install/rft_sensor_serial/local/lib/python3.10/dist-packages/rft_sensor_serial'...
Compiling '/ros2_ws/src/rft_sensor_serial/install/rft_sensor_serial/local/lib/python3.10/dist-packages/rft_sensor_serial/__init__.py'...
Listing '/ros2_ws/src/rft_sensor_serial/install/rft_sensor_serial/local/lib/python3.10/dist-packages/rft_sensor_serial/srv'...
Compiling '/ros2_ws/src/rft_sensor_serial/install/rft_sensor_serial/local/lib/python3.10/dist-packages/rft_sensor_serial/srv/__init__.py'...
Compiling '/ros2_ws/src/rft_sensor_serial/install/rft_sensor_serial/local/lib/python3.10/dist-packages/rft_sensor_serial/srv/_multiplier.py'...
Compiling '/ros2_ws/src/rft_sensor_serial/install/rft_sensor_serial/local/lib/python3.10/dist-packages/rft_sensor_serial/srv/_rft_operation.py'...
-- Installing: /ros2_ws/src/rft_sensor_serial/install/rft_sensor_serial/local/lib/python3.10/dist-packages/rft_sensor_serial/rft_sensor_serial_s__rosidl_typesupport_fastrtps_c.cpython-310-x86_64-linux-gnu.so
-- Set runtime path of "/ros2_ws/src/rft_sensor_serial/install/rft_sensor_serial/local/lib/python3.10/dist-packages/rft_sensor_serial/rft_sensor_serial_s__rosidl_typesupport_fastrtps_c.cpython-310-x86_64-linux-gnu.so" to ""
-- Installing: /ros2_ws/src/rft_sensor_serial/install/rft_sensor_serial/local/lib/python3.10/dist-packages/rft_sensor_serial/rft_sensor_serial_s__rosidl_typesupport_introspection_c.cpython-310-x86_64-linux-gnu.so
-- Set runtime path of "/ros2_ws/src/rft_sensor_serial/install/rft_sensor_serial/local/lib/python3.10/dist-packages/rft_sensor_serial/rft_sensor_serial_s__rosidl_typesupport_introspection_c.cpython-310-x86_64-linux-gnu.so" to ""
-- Installing: /ros2_ws/src/rft_sensor_serial/install/rft_sensor_serial/local/lib/python3.10/dist-packages/rft_sensor_serial/rft_sensor_serial_s__rosidl_typesupport_c.cpython-310-x86_64-linux-gnu.so
-- Set runtime path of "/ros2_ws/src/rft_sensor_serial/install/rft_sensor_serial/local/lib/python3.10/dist-packages/rft_sensor_serial/rft_sensor_serial_s__rosidl_typesupport_c.cpython-310-x86_64-linux-gnu.so" to ""
-- Installing: /ros2_ws/src/rft_sensor_serial/install/rft_sensor_serial/lib/librft_sensor_serial__rosidl_generator_py.so
-- Set runtime path of "/ros2_ws/src/rft_sensor_serial/install/rft_sensor_serial/lib/librft_sensor_serial__rosidl_generator_py.so" to ""
-- Installing: /ros2_ws/src/rft_sensor_serial/install/rft_sensor_serial/share/rft_sensor_serial/srv/RftOperation.idl
-- Installing: /ros2_ws/src/rft_sensor_serial/install/rft_sensor_serial/share/rft_sensor_serial/srv/Multiplier.idl
-- Installing: /ros2_ws/src/rft_sensor_serial/install/rft_sensor_serial/share/rft_sensor_serial/srv/RftOperation.srv
-- Installing: /ros2_ws/src/rft_sensor_serial/install/rft_sensor_serial/share/rft_sensor_serial/srv/RftOperation_Request.msg
-- Installing: /ros2_ws/src/rft_sensor_serial/install/rft_sensor_serial/share/rft_sensor_serial/srv/RftOperation_Response.msg
-- Installing: /ros2_ws/src/rft_sensor_serial/install/rft_sensor_serial/share/rft_sensor_serial/srv/Multiplier.srv
-- Installing: /ros2_ws/src/rft_sensor_serial/install/rft_sensor_serial/share/rft_sensor_serial/srv/Multiplier_Request.msg
-- Installing: /ros2_ws/src/rft_sensor_serial/install/rft_sensor_serial/share/rft_sensor_serial/srv/Multiplier_Response.msg
-- Installing: /ros2_ws/src/rft_sensor_serial/install/rft_sensor_serial/lib/rft_sensor_serial/rft_sensor_serial_node
-- Set runtime path of "/ros2_ws/src/rft_sensor_serial/install/rft_sensor_serial/lib/rft_sensor_serial/rft_sensor_serial_node" to ""
-- Installing: /ros2_ws/src/rft_sensor_serial/install/rft_sensor_serial/lib/librft_sensor_serial_hardware.so
-- Set runtime path of "/ros2_ws/src/rft_sensor_serial/install/rft_sensor_serial/lib/librft_sensor_serial_hardware.so" to ""
-- Up-to-date: /ros2_ws/src/rft_sensor_serial/install/rft_sensor_serial/include/
-- Up-to-date: /ros2_ws/src/rft_sensor_serial/install/rft_sensor_serial/include//rft_sensor_serial
-- Installing: /ros2_ws/src/rft_sensor_serial/install/rft_sensor_serial/include//rft_sensor_serial/hardware
-- Installing: /ros2_ws/src/rft_sensor_serial/install/rft_sensor_serial/include//rft_sensor_serial/hardware/rft_sensor_hardware.hpp
-- Installing: /ros2_ws/src/rft_sensor_serial/install/rft_sensor_serial/include//rft_sensor_serial/RFT_COM.h
-- Installing: /ros2_ws/src/rft_sensor_serial/install/rft_sensor_serial/include//rft_sensor_serial/RFT_IF_PACKET_Rev1.2.h
-- Installing: /ros2_ws/src/rft_sensor_serial/install/rft_sensor_serial/share/rft_sensor_serial/rft_sensor_hardware.xml
-- Installing: /ros2_ws/src/rft_sensor_serial/install/rft_sensor_serial/share/ament_index/resource_index/package_run_dependencies/rft_sensor_serial
-- Installing: /ros2_ws/src/rft_sensor_serial/install/rft_sensor_serial/share/ament_index/resource_index/parent_prefix_path/rft_sensor_serial
-- Installing: /ros2_ws/src/rft_sensor_serial/install/rft_sensor_serial/share/rft_sensor_serial/environment/ament_prefix_path.sh
-- Installing: /ros2_ws/src/rft_sensor_serial/install/rft_sensor_serial/share/rft_sensor_serial/environment/ament_prefix_path.dsv
-- Installing: /ros2_ws/src/rft_sensor_serial/install/rft_sensor_serial/share/rft_sensor_serial/environment/path.sh
-- Installing: /ros2_ws/src/rft_sensor_serial/install/rft_sensor_serial/share/rft_sensor_serial/environment/path.dsv
-- Installing: /ros2_ws/src/rft_sensor_serial/install/rft_sensor_serial/share/rft_sensor_serial/local_setup.bash
-- Installing: /ros2_ws/src/rft_sensor_serial/install/rft_sensor_serial/share/rft_sensor_serial/local_setup.sh
-- Installing: /ros2_ws/src/rft_sensor_serial/install/rft_sensor_serial/share/rft_sensor_serial/local_setup.zsh
-- Installing: /ros2_ws/src/rft_sensor_serial/install/rft_sensor_serial/share/rft_sensor_serial/local_setup.dsv
-- Up-to-date: /ros2_ws/src/rft_sensor_serial/install/rft_sensor_serial/share/rft_sensor_serial/package.dsv
-- Installing: /ros2_ws/src/rft_sensor_serial/install/rft_sensor_serial/share/ament_index/resource_index/packages/rft_sensor_serial
-- Installing: /ros2_ws/src/rft_sensor_serial/install/rft_sensor_serial/share/ament_index/resource_index/hardware_interface__pluginlib__plugin/rft_sensor_serial
-- Installing: /ros2_ws/src/rft_sensor_serial/install/rft_sensor_serial/share/rft_sensor_serial/cmake/export_rft_sensor_serial__rosidl_generator_cExport.cmake
-- Installing: /ros2_ws/src/rft_sensor_serial/install/rft_sensor_serial/share/rft_sensor_serial/cmake/export_rft_sensor_serial__rosidl_generator_cExport-noconfig.cmake
-- Installing: /ros2_ws/src/rft_sensor_serial/install/rft_sensor_serial/share/rft_sensor_serial/cmake/export_rft_sensor_serial__rosidl_typesupport_fastrtps_cExport.cmake
-- Installing: /ros2_ws/src/rft_sensor_serial/install/rft_sensor_serial/share/rft_sensor_serial/cmake/export_rft_sensor_serial__rosidl_typesupport_fastrtps_cExport-noconfig.cmake
-- Installing: /ros2_ws/src/rft_sensor_serial/install/rft_sensor_serial/share/rft_sensor_serial/cmake/export_rft_sensor_serial__rosidl_generator_cppExport.cmake
-- Installing: /ros2_ws/src/rft_sensor_serial/install/rft_sensor_serial/share/rft_sensor_serial/cmake/export_rft_sensor_serial__rosidl_typesupport_fastrtps_cppExport.cmake
-- Installing: /ros2_ws/src/rft_sensor_serial/install/rft_sensor_serial/share/rft_sensor_serial/cmake/export_rft_sensor_serial__rosidl_typesupport_fastrtps_cppExport-noconfig.cmake
-- Installing: /ros2_ws/src/rft_sensor_serial/install/rft_sensor_serial/share/rft_sensor_serial/cmake/rft_sensor_serial__rosidl_typesupport_introspection_cExport.cmake
-- Installing: /ros2_ws/src/rft_sensor_serial/install/rft_sensor_serial/share/rft_sensor_serial/cmake/rft_sensor_serial__rosidl_typesupport_introspection_cExport-noconfig.cmake
-- Installing: /ros2_ws/src/rft_sensor_serial/install/rft_sensor_serial/share/rft_sensor_serial/cmake/rft_sensor_serial__rosidl_typesupport_cExport.cmake
-- Installing: /ros2_ws/src/rft_sensor_serial/install/rft_sensor_serial/share/rft_sensor_serial/cmake/rft_sensor_serial__rosidl_typesupport_cExport-noconfig.cmake
-- Installing: /ros2_ws/src/rft_sensor_serial/install/rft_sensor_serial/share/rft_sensor_serial/cmake/rft_sensor_serial__rosidl_typesupport_introspection_cppExport.cmake
-- Installing: /ros2_ws/src/rft_sensor_serial/install/rft_sensor_serial/share/rft_sensor_serial/cmake/rft_sensor_serial__rosidl_typesupport_introspection_cppExport-noconfig.cmake
-- Installing: /ros2_ws/src/rft_sensor_serial/install/rft_sensor_serial/share/rft_sensor_serial/cmake/rft_sensor_serial__rosidl_typesupport_cppExport.cmake
-- Installing: /ros2_ws/src/rft_sensor_serial/install/rft_sensor_serial/share/rft_sensor_serial/cmake/rft_sensor_serial__rosidl_typesupport_cppExport-noconfig.cmake
-- Installing: /ros2_ws/src/rft_sensor_serial/install/rft_sensor_serial/share/rft_sensor_serial/cmake/export_rft_sensor_serial__rosidl_generator_pyExport.cmake
-- Installing: /ros2_ws/src/rft_sensor_serial/install/rft_sensor_serial/share/rft_sensor_serial/cmake/export_rft_sensor_serial__rosidl_generator_pyExport-noconfig.cmake
-- Installing: /ros2_ws/src/rft_sensor_serial/install/rft_sensor_serial/share/rft_sensor_serial/cmake/rosidl_cmake-extras.cmake
-- Installing: /ros2_ws/src/rft_sensor_serial/install/rft_sensor_serial/share/rft_sensor_serial/cmake/ament_cmake_export_dependencies-extras.cmake
-- Installing: /ros2_ws/src/rft_sensor_serial/install/rft_sensor_serial/share/rft_sensor_serial/cmake/ament_cmake_export_include_directories-extras.cmake
-- Installing: /ros2_ws/src/rft_sensor_serial/install/rft_sensor_serial/share/rft_sensor_serial/cmake/ament_cmake_export_libraries-extras.cmake
-- Installing: /ros2_ws/src/rft_sensor_serial/install/rft_sensor_serial/share/rft_sensor_serial/cmake/ament_cmake_export_targets-extras.cmake
-- Installing: /ros2_ws/src/rft_sensor_serial/install/rft_sensor_serial/share/rft_sensor_serial/cmake/rosidl_cmake_export_typesupport_targets-extras.cmake
-- Installing: /ros2_ws/src/rft_sensor_serial/install/rft_sensor_serial/share/rft_sensor_serial/cmake/rosidl_cmake_export_typesupport_libraries-extras.cmake
-- Installing: /ros2_ws/src/rft_sensor_serial/install/rft_sensor_serial/share/rft_sensor_serial/cmake/rft_sensor_serialConfig.cmake
-- Installing: /ros2_ws/src/rft_sensor_serial/install/rft_sensor_serial/share/rft_sensor_serial/cmake/rft_sensor_serialConfig-version.cmake
-- Installing: /ros2_ws/src/rft_sensor_serial/install/rft_sensor_serial/share/rft_sensor_serial/package.xml
