[0.007s] Invoking command in '/ros2_ws/src/rft_sensor_serial/build/rft_sensor_serial': CMAKE_PREFIX_PATH=/opt/ros/humble /usr/bin/cmake --build /ros2_ws/src/rft_sensor_serial/build/rft_sensor_serial -- -j24 -l24
[0.051s] [35m[1mConsolidate compiler generated dependencies of target rft_sensor_serial__rosidl_generator_c[0m
[0.053s] [35m[1mConsolidate compiler generated dependencies of target rft_sensor_serial_hardware[0m
[0.064s] [ 10%] Built target rft_sensor_serial__cpp
[0.064s] [ 10%] Built target rft_sensor_serial__rosidl_generator_c
[0.064s] [ 12%] [32mBuilding CXX object CMakeFiles/rft_sensor_serial_hardware.dir/src/hardware/rft_sensor_hardware.cpp.o[0m
[0.078s] [ 14%] [34m[1mGenerating C++ type support dispatch for ROS interfaces[0m
[0.080s] [ 14%] Built target ament_cmake_python_copy_rft_sensor_serial
[0.081s] [ 17%] [34m[1mGenerating C++ type support for eProsima Fast-RTPS[0m
[0.081s] [ 19%] [34m[1mGenerating C type support dispatch for ROS interfaces[0m
[0.082s] [ 21%] [34m[1mGenerating C type support for eProsima Fast-RTPS[0m
[0.085s] [ 23%] [34m[1mGenerating C introspection for ROS interfaces[0m
[0.086s] [ 25%] [34m[1mGenerating C++ introspection for ROS interfaces[0m
[0.242s] running egg_info
[0.242s] writing rft_sensor_serial.egg-info/PKG-INFO
[0.242s] writing dependency_links to rft_sensor_serial.egg-info/dependency_links.txt
[0.242s] writing top-level names to rft_sensor_serial.egg-info/top_level.txt
[0.243s] reading manifest file 'rft_sensor_serial.egg-info/SOURCES.txt'
[0.244s] writing manifest file 'rft_sensor_serial.egg-info/SOURCES.txt'
[0.265s] [ 25%] Built target ament_cmake_python_build_rft_sensor_serial_egg
[0.278s] [ 31%] [32mBuilding CXX object CMakeFiles/rft_sensor_serial__rosidl_typesupport_c.dir/rosidl_typesupport_c/rft_sensor_serial/srv/rft_operation__type_support.cpp.o[0m
[0.278s] [ 31%] [32mBuilding CXX object CMakeFiles/rft_sensor_serial__rosidl_typesupport_cpp.dir/rosidl_typesupport_cpp/rft_sensor_serial/srv/rft_operation__type_support.cpp.o[0m
[0.278s] [ 31%] [32mBuilding CXX object CMakeFiles/rft_sensor_serial__rosidl_typesupport_c.dir/rosidl_typesupport_c/rft_sensor_serial/srv/multiplier__type_support.cpp.o[0m
[0.278s] [ 34%] [32mBuilding CXX object CMakeFiles/rft_sensor_serial__rosidl_typesupport_cpp.dir/rosidl_typesupport_cpp/rft_sensor_serial/srv/multiplier__type_support.cpp.o[0m
[0.294s] [ 36%] [32mBuilding CXX object CMakeFiles/rft_sensor_serial__rosidl_typesupport_introspection_cpp.dir/rosidl_typesupport_introspection_cpp/rft_sensor_serial/srv/detail/rft_operation__type_support.cpp.o[0m
[0.295s] [ 38%] [32mBuilding CXX object CMakeFiles/rft_sensor_serial__rosidl_typesupport_introspection_cpp.dir/rosidl_typesupport_introspection_cpp/rft_sensor_serial/srv/detail/multiplier__type_support.cpp.o[0m
[0.301s] [ 40%] [32m[1mLinking CXX shared library librft_sensor_serial__rosidl_typesupport_c.so[0m
[0.306s] [ 42%] [32mBuilding CXX object CMakeFiles/rft_sensor_serial__rosidl_typesupport_fastrtps_cpp.dir/rosidl_typesupport_fastrtps_cpp/rft_sensor_serial/srv/detail/dds_fastrtps/rft_operation__type_support.cpp.o[0m
[0.306s] [ 46%] [32mBuilding CXX object CMakeFiles/rft_sensor_serial__rosidl_typesupport_fastrtps_c.dir/rosidl_typesupport_fastrtps_c/rft_sensor_serial/srv/detail/multiplier__type_support_c.cpp.o[0m
[0.306s] [ 46%] [32mBuilding CXX object CMakeFiles/rft_sensor_serial__rosidl_typesupport_fastrtps_c.dir/rosidl_typesupport_fastrtps_c/rft_sensor_serial/srv/detail/rft_operation__type_support_c.cpp.o[0m
[0.306s] [ 48%] [32mBuilding CXX object CMakeFiles/rft_sensor_serial__rosidl_typesupport_fastrtps_cpp.dir/rosidl_typesupport_fastrtps_cpp/rft_sensor_serial/srv/detail/dds_fastrtps/multiplier__type_support.cpp.o[0m
[0.325s] [ 51%] [32mBuilding C object CMakeFiles/rft_sensor_serial__rosidl_typesupport_introspection_c.dir/rosidl_typesupport_introspection_c/rft_sensor_serial/srv/detail/multiplier__type_support.c.o[0m
[0.325s] [ 53%] [32mBuilding C object CMakeFiles/rft_sensor_serial__rosidl_typesupport_introspection_c.dir/rosidl_typesupport_introspection_c/rft_sensor_serial/srv/detail/rft_operation__type_support.c.o[0m
[0.329s] [ 53%] Built target rft_sensor_serial__rosidl_typesupport_c
[0.357s] [ 55%] [32m[1mLinking C shared library librft_sensor_serial__rosidl_typesupport_introspection_c.so[0m
[0.383s] [ 55%] Built target rft_sensor_serial__rosidl_typesupport_introspection_c
[0.471s] [ 57%] [32m[1mLinking CXX shared library librft_sensor_serial__rosidl_typesupport_cpp.so[0m
[0.503s] [ 57%] Built target rft_sensor_serial__rosidl_typesupport_cpp
[0.513s] [ 59%] [32m[1mLinking CXX shared library librft_sensor_serial__rosidl_typesupport_introspection_cpp.so[0m
[0.518s] [ 61%] [32mBuilding CXX object CMakeFiles/rft_sensor_serial_node.dir/src/main.cpp.o[0m
[0.518s] [ 63%] [32mBuilding CXX object CMakeFiles/rft_sensor_serial_node.dir/src/RFT_IF_PACKET_Rev1.2.cpp.o[0m
[0.520s] [ 65%] [32mBuilding CXX object CMakeFiles/rft_sensor_serial_node.dir/src/RFT_COM.cpp.o[0m
[0.544s] [ 65%] Built target rft_sensor_serial__rosidl_typesupport_introspection_cpp
[0.544s] [ 68%] [32m[1mLinking CXX shared library librft_sensor_serial__rosidl_typesupport_fastrtps_c.so[0m
[0.545s] [ 70%] [32m[1mLinking CXX shared library librft_sensor_serial__rosidl_typesupport_fastrtps_cpp.so[0m
[0.592s] [ 70%] Built target rft_sensor_serial__rosidl_typesupport_fastrtps_cpp
[0.593s] [ 70%] Built target rft_sensor_serial__rosidl_typesupport_fastrtps_c
[0.608s] [ 70%] Built target rft_sensor_serial
[0.622s] [ 72%] [34m[1mGenerating Python code for ROS interfaces[0m
[0.920s] [ 72%] Built target rft_sensor_serial__py
[0.935s] [ 76%] [32mBuilding C object CMakeFiles/rft_sensor_serial__rosidl_generator_py.dir/rosidl_generator_py/rft_sensor_serial/srv/_multiplier_s.c.o[0m
[0.935s] [ 76%] [32mBuilding C object CMakeFiles/rft_sensor_serial__rosidl_generator_py.dir/rosidl_generator_py/rft_sensor_serial/srv/_rft_operation_s.c.o[0m
[0.998s] [ 78%] [32m[1mLinking C shared library rosidl_generator_py/rft_sensor_serial/librft_sensor_serial__rosidl_generator_py.so[0m
[1.025s] [ 78%] Built target rft_sensor_serial__rosidl_generator_py
[1.040s] [ 82%] [32mBuilding C object CMakeFiles/rft_sensor_serial__rosidl_typesupport_c__pyext.dir/rosidl_generator_py/rft_sensor_serial/_rft_sensor_serial_s.ep.rosidl_typesupport_c.c.o[0m
[1.040s] [ 82%] [32mBuilding C object CMakeFiles/rft_sensor_serial__rosidl_typesupport_introspection_c__pyext.dir/rosidl_generator_py/rft_sensor_serial/_rft_sensor_serial_s.ep.rosidl_typesupport_introspection_c.c.o[0m
[1.040s] [ 85%] [32mBuilding C object CMakeFiles/rft_sensor_serial__rosidl_typesupport_fastrtps_c__pyext.dir/rosidl_generator_py/rft_sensor_serial/_rft_sensor_serial_s.ep.rosidl_typesupport_fastrtps_c.c.o[0m
[1.100s] [ 87%] [32m[1mLinking C shared library rosidl_generator_py/rft_sensor_serial/rft_sensor_serial_s__rosidl_typesupport_c.cpython-310-x86_64-linux-gnu.so[0m
[1.100s] [ 89%] [32m[1mLinking C shared library rosidl_generator_py/rft_sensor_serial/rft_sensor_serial_s__rosidl_typesupport_introspection_c.cpython-310-x86_64-linux-gnu.so[0m
[1.101s] [ 91%] [32m[1mLinking C shared library rosidl_generator_py/rft_sensor_serial/rft_sensor_serial_s__rosidl_typesupport_fastrtps_c.cpython-310-x86_64-linux-gnu.so[0m
[1.124s] [ 91%] Built target rft_sensor_serial__rosidl_typesupport_fastrtps_c__pyext
[1.129s] [ 91%] Built target rft_sensor_serial__rosidl_typesupport_c__pyext
[1.129s] [ 91%] Built target rft_sensor_serial__rosidl_typesupport_introspection_c__pyext
[1.936s] [ 93%] [32m[1mLinking CXX shared library librft_sensor_serial_hardware.so[0m
[2.029s] [ 97%] Built target rft_sensor_serial_hardware
[3.117s] [100%] [32m[1mLinking CXX executable rft_sensor_serial_node[0m
[3.245s] [100%] Built target rft_sensor_serial_node
[3.252s] Invoked command in '/ros2_ws/src/rft_sensor_serial/build/rft_sensor_serial' returned '0': CMAKE_PREFIX_PATH=/opt/ros/humble /usr/bin/cmake --build /ros2_ws/src/rft_sensor_serial/build/rft_sensor_serial -- -j24 -l24
[3.395s] Invoking command in '/ros2_ws/src/rft_sensor_serial/build/rft_sensor_serial': CMAKE_PREFIX_PATH=/opt/ros/humble /usr/bin/cmake --install /ros2_ws/src/rft_sensor_serial/build/rft_sensor_serial
[3.406s] -- Install configuration: ""
[3.406s] -- Installing: /ros2_ws/src/rft_sensor_serial/install/rft_sensor_serial/share/ament_index/resource_index/rosidl_interfaces/rft_sensor_serial
[3.407s] -- Installing: /ros2_ws/src/rft_sensor_serial/install/rft_sensor_serial/include/rft_sensor_serial/rft_sensor_serial
[3.407s] -- Installing: /ros2_ws/src/rft_sensor_serial/install/rft_sensor_serial/include/rft_sensor_serial/rft_sensor_serial/msg
[3.407s] -- Installing: /ros2_ws/src/rft_sensor_serial/install/rft_sensor_serial/include/rft_sensor_serial/rft_sensor_serial/msg/rosidl_generator_c__visibility_control.h
[3.408s] -- Installing: /ros2_ws/src/rft_sensor_serial/install/rft_sensor_serial/include/rft_sensor_serial/rft_sensor_serial/srv
[3.408s] -- Installing: /ros2_ws/src/rft_sensor_serial/install/rft_sensor_serial/include/rft_sensor_serial/rft_sensor_serial/srv/detail
[3.408s] -- Installing: /ros2_ws/src/rft_sensor_serial/install/rft_sensor_serial/include/rft_sensor_serial/rft_sensor_serial/srv/detail/multiplier__functions.c
[3.408s] -- Installing: /ros2_ws/src/rft_sensor_serial/install/rft_sensor_serial/include/rft_sensor_serial/rft_sensor_serial/srv/detail/multiplier__functions.h
[3.408s] -- Installing: /ros2_ws/src/rft_sensor_serial/install/rft_sensor_serial/include/rft_sensor_serial/rft_sensor_serial/srv/detail/multiplier__struct.h
[3.409s] -- Installing: /ros2_ws/src/rft_sensor_serial/install/rft_sensor_serial/include/rft_sensor_serial/rft_sensor_serial/srv/detail/multiplier__type_support.h
[3.409s] -- Installing: /ros2_ws/src/rft_sensor_serial/install/rft_sensor_serial/include/rft_sensor_serial/rft_sensor_serial/srv/detail/rft_operation__functions.c
[3.409s] -- Installing: /ros2_ws/src/rft_sensor_serial/install/rft_sensor_serial/include/rft_sensor_serial/rft_sensor_serial/srv/detail/rft_operation__functions.h
[3.409s] -- Installing: /ros2_ws/src/rft_sensor_serial/install/rft_sensor_serial/include/rft_sensor_serial/rft_sensor_serial/srv/detail/rft_operation__struct.h
[3.409s] -- Installing: /ros2_ws/src/rft_sensor_serial/install/rft_sensor_serial/include/rft_sensor_serial/rft_sensor_serial/srv/detail/rft_operation__type_support.h
[3.409s] -- Installing: /ros2_ws/src/rft_sensor_serial/install/rft_sensor_serial/include/rft_sensor_serial/rft_sensor_serial/srv/multiplier.h
[3.409s] -- Installing: /ros2_ws/src/rft_sensor_serial/install/rft_sensor_serial/include/rft_sensor_serial/rft_sensor_serial/srv/rft_operation.h
[3.409s] -- Installing: /ros2_ws/src/rft_sensor_serial/install/rft_sensor_serial/share/rft_sensor_serial/environment/library_path.sh
[3.409s] -- Installing: /ros2_ws/src/rft_sensor_serial/install/rft_sensor_serial/share/rft_sensor_serial/environment/library_path.dsv
[3.409s] -- Installing: /ros2_ws/src/rft_sensor_serial/install/rft_sensor_serial/lib/librft_sensor_serial__rosidl_generator_c.so
[3.409s] -- Set runtime path of "/ros2_ws/src/rft_sensor_serial/install/rft_sensor_serial/lib/librft_sensor_serial__rosidl_generator_c.so" to ""
[3.409s] -- Up-to-date: /ros2_ws/src/rft_sensor_serial/install/rft_sensor_serial/include/rft_sensor_serial/rft_sensor_serial
[3.409s] -- Up-to-date: /ros2_ws/src/rft_sensor_serial/install/rft_sensor_serial/include/rft_sensor_serial/rft_sensor_serial/msg
[3.409s] -- Installing: /ros2_ws/src/rft_sensor_serial/install/rft_sensor_serial/include/rft_sensor_serial/rft_sensor_serial/msg/rosidl_typesupport_fastrtps_c__visibility_control.h
[3.409s] -- Up-to-date: /ros2_ws/src/rft_sensor_serial/install/rft_sensor_serial/include/rft_sensor_serial/rft_sensor_serial/srv
[3.409s] -- Up-to-date: /ros2_ws/src/rft_sensor_serial/install/rft_sensor_serial/include/rft_sensor_serial/rft_sensor_serial/srv/detail
[3.410s] -- Installing: /ros2_ws/src/rft_sensor_serial/install/rft_sensor_serial/include/rft_sensor_serial/rft_sensor_serial/srv/detail/multiplier__rosidl_typesupport_fastrtps_c.h
[3.410s] -- Installing: /ros2_ws/src/rft_sensor_serial/install/rft_sensor_serial/include/rft_sensor_serial/rft_sensor_serial/srv/detail/rft_operation__rosidl_typesupport_fastrtps_c.h
[3.410s] -- Installing: /ros2_ws/src/rft_sensor_serial/install/rft_sensor_serial/lib/librft_sensor_serial__rosidl_typesupport_fastrtps_c.so
[3.410s] -- Set runtime path of "/ros2_ws/src/rft_sensor_serial/install/rft_sensor_serial/lib/librft_sensor_serial__rosidl_typesupport_fastrtps_c.so" to ""
[3.410s] -- Up-to-date: /ros2_ws/src/rft_sensor_serial/install/rft_sensor_serial/include/rft_sensor_serial/rft_sensor_serial
[3.410s] -- Up-to-date: /ros2_ws/src/rft_sensor_serial/install/rft_sensor_serial/include/rft_sensor_serial/rft_sensor_serial/srv
[3.410s] -- Up-to-date: /ros2_ws/src/rft_sensor_serial/install/rft_sensor_serial/include/rft_sensor_serial/rft_sensor_serial/srv/detail
[3.410s] -- Installing: /ros2_ws/src/rft_sensor_serial/install/rft_sensor_serial/include/rft_sensor_serial/rft_sensor_serial/srv/detail/multiplier__builder.hpp
[3.410s] -- Installing: /ros2_ws/src/rft_sensor_serial/install/rft_sensor_serial/include/rft_sensor_serial/rft_sensor_serial/srv/detail/multiplier__struct.hpp
[3.410s] -- Installing: /ros2_ws/src/rft_sensor_serial/install/rft_sensor_serial/include/rft_sensor_serial/rft_sensor_serial/srv/detail/multiplier__traits.hpp
[3.410s] -- Installing: /ros2_ws/src/rft_sensor_serial/install/rft_sensor_serial/include/rft_sensor_serial/rft_sensor_serial/srv/detail/rft_operation__builder.hpp
[3.410s] -- Installing: /ros2_ws/src/rft_sensor_serial/install/rft_sensor_serial/include/rft_sensor_serial/rft_sensor_serial/srv/detail/rft_operation__struct.hpp
[3.410s] -- Installing: /ros2_ws/src/rft_sensor_serial/install/rft_sensor_serial/include/rft_sensor_serial/rft_sensor_serial/srv/detail/rft_operation__traits.hpp
[3.410s] -- Installing: /ros2_ws/src/rft_sensor_serial/install/rft_sensor_serial/include/rft_sensor_serial/rft_sensor_serial/srv/multiplier.hpp
[3.410s] -- Installing: /ros2_ws/src/rft_sensor_serial/install/rft_sensor_serial/include/rft_sensor_serial/rft_sensor_serial/srv/rft_operation.hpp
[3.410s] -- Up-to-date: /ros2_ws/src/rft_sensor_serial/install/rft_sensor_serial/include/rft_sensor_serial/rft_sensor_serial
[3.410s] -- Up-to-date: /ros2_ws/src/rft_sensor_serial/install/rft_sensor_serial/include/rft_sensor_serial/rft_sensor_serial/msg
[3.410s] -- Installing: /ros2_ws/src/rft_sensor_serial/install/rft_sensor_serial/include/rft_sensor_serial/rft_sensor_serial/msg/rosidl_typesupport_fastrtps_cpp__visibility_control.h
[3.410s] -- Up-to-date: /ros2_ws/src/rft_sensor_serial/install/rft_sensor_serial/include/rft_sensor_serial/rft_sensor_serial/srv
[3.410s] -- Up-to-date: /ros2_ws/src/rft_sensor_serial/install/rft_sensor_serial/include/rft_sensor_serial/rft_sensor_serial/srv/detail
[3.410s] -- Installing: /ros2_ws/src/rft_sensor_serial/install/rft_sensor_serial/include/rft_sensor_serial/rft_sensor_serial/srv/detail/dds_fastrtps
[3.411s] -- Installing: /ros2_ws/src/rft_sensor_serial/install/rft_sensor_serial/include/rft_sensor_serial/rft_sensor_serial/srv/detail/multiplier__rosidl_typesupport_fastrtps_cpp.hpp
[3.411s] -- Installing: /ros2_ws/src/rft_sensor_serial/install/rft_sensor_serial/include/rft_sensor_serial/rft_sensor_serial/srv/detail/rft_operation__rosidl_typesupport_fastrtps_cpp.hpp
[3.411s] -- Installing: /ros2_ws/src/rft_sensor_serial/install/rft_sensor_serial/lib/librft_sensor_serial__rosidl_typesupport_fastrtps_cpp.so
[3.411s] -- Set runtime path of "/ros2_ws/src/rft_sensor_serial/install/rft_sensor_serial/lib/librft_sensor_serial__rosidl_typesupport_fastrtps_cpp.so" to ""
[3.411s] -- Up-to-date: /ros2_ws/src/rft_sensor_serial/install/rft_sensor_serial/include/rft_sensor_serial/rft_sensor_serial
[3.411s] -- Up-to-date: /ros2_ws/src/rft_sensor_serial/install/rft_sensor_serial/include/rft_sensor_serial/rft_sensor_serial/msg
[3.411s] -- Installing: /ros2_ws/src/rft_sensor_serial/install/rft_sensor_serial/include/rft_sensor_serial/rft_sensor_serial/msg/rosidl_typesupport_introspection_c__visibility_control.h
[3.411s] -- Up-to-date: /ros2_ws/src/rft_sensor_serial/install/rft_sensor_serial/include/rft_sensor_serial/rft_sensor_serial/srv
[3.411s] -- Up-to-date: /ros2_ws/src/rft_sensor_serial/install/rft_sensor_serial/include/rft_sensor_serial/rft_sensor_serial/srv/detail
[3.411s] -- Installing: /ros2_ws/src/rft_sensor_serial/install/rft_sensor_serial/include/rft_sensor_serial/rft_sensor_serial/srv/detail/multiplier__rosidl_typesupport_introspection_c.h
[3.411s] -- Installing: /ros2_ws/src/rft_sensor_serial/install/rft_sensor_serial/include/rft_sensor_serial/rft_sensor_serial/srv/detail/multiplier__type_support.c
[3.411s] -- Installing: /ros2_ws/src/rft_sensor_serial/install/rft_sensor_serial/include/rft_sensor_serial/rft_sensor_serial/srv/detail/rft_operation__rosidl_typesupport_introspection_c.h
[3.411s] -- Installing: /ros2_ws/src/rft_sensor_serial/install/rft_sensor_serial/include/rft_sensor_serial/rft_sensor_serial/srv/detail/rft_operation__type_support.c
[3.411s] -- Installing: /ros2_ws/src/rft_sensor_serial/install/rft_sensor_serial/lib/librft_sensor_serial__rosidl_typesupport_introspection_c.so
[3.411s] -- Set runtime path of "/ros2_ws/src/rft_sensor_serial/install/rft_sensor_serial/lib/librft_sensor_serial__rosidl_typesupport_introspection_c.so" to ""
[3.411s] -- Installing: /ros2_ws/src/rft_sensor_serial/install/rft_sensor_serial/lib/librft_sensor_serial__rosidl_typesupport_c.so
[3.411s] -- Set runtime path of "/ros2_ws/src/rft_sensor_serial/install/rft_sensor_serial/lib/librft_sensor_serial__rosidl_typesupport_c.so" to ""
[3.411s] -- Up-to-date: /ros2_ws/src/rft_sensor_serial/install/rft_sensor_serial/include/rft_sensor_serial/rft_sensor_serial
[3.411s] -- Up-to-date: /ros2_ws/src/rft_sensor_serial/install/rft_sensor_serial/include/rft_sensor_serial/rft_sensor_serial/srv
[3.411s] -- Up-to-date: /ros2_ws/src/rft_sensor_serial/install/rft_sensor_serial/include/rft_sensor_serial/rft_sensor_serial/srv/detail
[3.411s] -- Installing: /ros2_ws/src/rft_sensor_serial/install/rft_sensor_serial/include/rft_sensor_serial/rft_sensor_serial/srv/detail/multiplier__rosidl_typesupport_introspection_cpp.hpp
[3.411s] -- Installing: /ros2_ws/src/rft_sensor_serial/install/rft_sensor_serial/include/rft_sensor_serial/rft_sensor_serial/srv/detail/multiplier__type_support.cpp
[3.411s] -- Installing: /ros2_ws/src/rft_sensor_serial/install/rft_sensor_serial/include/rft_sensor_serial/rft_sensor_serial/srv/detail/rft_operation__rosidl_typesupport_introspection_cpp.hpp
[3.411s] -- Installing: /ros2_ws/src/rft_sensor_serial/install/rft_sensor_serial/include/rft_sensor_serial/rft_sensor_serial/srv/detail/rft_operation__type_support.cpp
[3.411s] -- Installing: /ros2_ws/src/rft_sensor_serial/install/rft_sensor_serial/lib/librft_sensor_serial__rosidl_typesupport_introspection_cpp.so
[3.412s] -- Set runtime path of "/ros2_ws/src/rft_sensor_serial/install/rft_sensor_serial/lib/librft_sensor_serial__rosidl_typesupport_introspection_cpp.so" to ""
[3.412s] -- Installing: /ros2_ws/src/rft_sensor_serial/install/rft_sensor_serial/lib/librft_sensor_serial__rosidl_typesupport_cpp.so
[3.412s] -- Set runtime path of "/ros2_ws/src/rft_sensor_serial/install/rft_sensor_serial/lib/librft_sensor_serial__rosidl_typesupport_cpp.so" to ""
[3.412s] -- Installing: /ros2_ws/src/rft_sensor_serial/install/rft_sensor_serial/share/rft_sensor_serial/environment/pythonpath.sh
[3.412s] -- Installing: /ros2_ws/src/rft_sensor_serial/install/rft_sensor_serial/share/rft_sensor_serial/environment/pythonpath.dsv
[3.412s] -- Installing: /ros2_ws/src/rft_sensor_serial/install/rft_sensor_serial/local/lib/python3.10/dist-packages/rft_sensor_serial-0.0.1-py3.10.egg-info
[3.412s] -- Installing: /ros2_ws/src/rft_sensor_serial/install/rft_sensor_serial/local/lib/python3.10/dist-packages/rft_sensor_serial-0.0.1-py3.10.egg-info/dependency_links.txt
[3.412s] -- Installing: /ros2_ws/src/rft_sensor_serial/install/rft_sensor_serial/local/lib/python3.10/dist-packages/rft_sensor_serial-0.0.1-py3.10.egg-info/PKG-INFO
[3.412s] -- Installing: /ros2_ws/src/rft_sensor_serial/install/rft_sensor_serial/local/lib/python3.10/dist-packages/rft_sensor_serial-0.0.1-py3.10.egg-info/SOURCES.txt
[3.412s] -- Installing: /ros2_ws/src/rft_sensor_serial/install/rft_sensor_serial/local/lib/python3.10/dist-packages/rft_sensor_serial-0.0.1-py3.10.egg-info/top_level.txt
[3.412s] -- Installing: /ros2_ws/src/rft_sensor_serial/install/rft_sensor_serial/local/lib/python3.10/dist-packages/rft_sensor_serial
[3.412s] -- Installing: /ros2_ws/src/rft_sensor_serial/install/rft_sensor_serial/local/lib/python3.10/dist-packages/rft_sensor_serial/librft_sensor_serial__rosidl_generator_py.so
[3.412s] -- Installing: /ros2_ws/src/rft_sensor_serial/install/rft_sensor_serial/local/lib/python3.10/dist-packages/rft_sensor_serial/rft_sensor_serial_s__rosidl_typesupport_c.cpython-310-x86_64-linux-gnu.so
[3.412s] -- Installing: /ros2_ws/src/rft_sensor_serial/install/rft_sensor_serial/local/lib/python3.10/dist-packages/rft_sensor_serial/rft_sensor_serial_s__rosidl_typesupport_fastrtps_c.cpython-310-x86_64-linux-gnu.so
[3.412s] -- Installing: /ros2_ws/src/rft_sensor_serial/install/rft_sensor_serial/local/lib/python3.10/dist-packages/rft_sensor_serial/rft_sensor_serial_s__rosidl_typesupport_introspection_c.cpython-310-x86_64-linux-gnu.so
[3.412s] -- Installing: /ros2_ws/src/rft_sensor_serial/install/rft_sensor_serial/local/lib/python3.10/dist-packages/rft_sensor_serial/srv
[3.412s] -- Installing: /ros2_ws/src/rft_sensor_serial/install/rft_sensor_serial/local/lib/python3.10/dist-packages/rft_sensor_serial/srv/_multiplier.py
[3.412s] -- Installing: /ros2_ws/src/rft_sensor_serial/install/rft_sensor_serial/local/lib/python3.10/dist-packages/rft_sensor_serial/srv/_multiplier_s.c
[3.412s] -- Installing: /ros2_ws/src/rft_sensor_serial/install/rft_sensor_serial/local/lib/python3.10/dist-packages/rft_sensor_serial/srv/_rft_operation.py
[3.412s] -- Installing: /ros2_ws/src/rft_sensor_serial/install/rft_sensor_serial/local/lib/python3.10/dist-packages/rft_sensor_serial/srv/_rft_operation_s.c
[3.412s] -- Installing: /ros2_ws/src/rft_sensor_serial/install/rft_sensor_serial/local/lib/python3.10/dist-packages/rft_sensor_serial/srv/__init__.py
[3.412s] -- Installing: /ros2_ws/src/rft_sensor_serial/install/rft_sensor_serial/local/lib/python3.10/dist-packages/rft_sensor_serial/_rft_sensor_serial_s.ep.rosidl_typesupport_c.c
[3.412s] -- Installing: /ros2_ws/src/rft_sensor_serial/install/rft_sensor_serial/local/lib/python3.10/dist-packages/rft_sensor_serial/_rft_sensor_serial_s.ep.rosidl_typesupport_fastrtps_c.c
[3.412s] -- Installing: /ros2_ws/src/rft_sensor_serial/install/rft_sensor_serial/local/lib/python3.10/dist-packages/rft_sensor_serial/_rft_sensor_serial_s.ep.rosidl_typesupport_introspection_c.c
[3.412s] -- Installing: /ros2_ws/src/rft_sensor_serial/install/rft_sensor_serial/local/lib/python3.10/dist-packages/rft_sensor_serial/__init__.py
[3.444s] Listing '/ros2_ws/src/rft_sensor_serial/install/rft_sensor_serial/local/lib/python3.10/dist-packages/rft_sensor_serial'...
[3.445s] Compiling '/ros2_ws/src/rft_sensor_serial/install/rft_sensor_serial/local/lib/python3.10/dist-packages/rft_sensor_serial/__init__.py'...
[3.445s] Listing '/ros2_ws/src/rft_sensor_serial/install/rft_sensor_serial/local/lib/python3.10/dist-packages/rft_sensor_serial/srv'...
[3.445s] Compiling '/ros2_ws/src/rft_sensor_serial/install/rft_sensor_serial/local/lib/python3.10/dist-packages/rft_sensor_serial/srv/__init__.py'...
[3.445s] Compiling '/ros2_ws/src/rft_sensor_serial/install/rft_sensor_serial/local/lib/python3.10/dist-packages/rft_sensor_serial/srv/_multiplier.py'...
[3.445s] Compiling '/ros2_ws/src/rft_sensor_serial/install/rft_sensor_serial/local/lib/python3.10/dist-packages/rft_sensor_serial/srv/_rft_operation.py'...
[3.447s] -- Installing: /ros2_ws/src/rft_sensor_serial/install/rft_sensor_serial/local/lib/python3.10/dist-packages/rft_sensor_serial/rft_sensor_serial_s__rosidl_typesupport_fastrtps_c.cpython-310-x86_64-linux-gnu.so
[3.447s] -- Set runtime path of "/ros2_ws/src/rft_sensor_serial/install/rft_sensor_serial/local/lib/python3.10/dist-packages/rft_sensor_serial/rft_sensor_serial_s__rosidl_typesupport_fastrtps_c.cpython-310-x86_64-linux-gnu.so" to ""
[3.447s] -- Installing: /ros2_ws/src/rft_sensor_serial/install/rft_sensor_serial/local/lib/python3.10/dist-packages/rft_sensor_serial/rft_sensor_serial_s__rosidl_typesupport_introspection_c.cpython-310-x86_64-linux-gnu.so
[3.447s] -- Set runtime path of "/ros2_ws/src/rft_sensor_serial/install/rft_sensor_serial/local/lib/python3.10/dist-packages/rft_sensor_serial/rft_sensor_serial_s__rosidl_typesupport_introspection_c.cpython-310-x86_64-linux-gnu.so" to ""
[3.447s] -- Installing: /ros2_ws/src/rft_sensor_serial/install/rft_sensor_serial/local/lib/python3.10/dist-packages/rft_sensor_serial/rft_sensor_serial_s__rosidl_typesupport_c.cpython-310-x86_64-linux-gnu.so
[3.447s] -- Set runtime path of "/ros2_ws/src/rft_sensor_serial/install/rft_sensor_serial/local/lib/python3.10/dist-packages/rft_sensor_serial/rft_sensor_serial_s__rosidl_typesupport_c.cpython-310-x86_64-linux-gnu.so" to ""
[3.447s] -- Installing: /ros2_ws/src/rft_sensor_serial/install/rft_sensor_serial/lib/librft_sensor_serial__rosidl_generator_py.so
[3.447s] -- Set runtime path of "/ros2_ws/src/rft_sensor_serial/install/rft_sensor_serial/lib/librft_sensor_serial__rosidl_generator_py.so" to ""
[3.447s] -- Installing: /ros2_ws/src/rft_sensor_serial/install/rft_sensor_serial/share/rft_sensor_serial/srv/RftOperation.idl
[3.447s] -- Installing: /ros2_ws/src/rft_sensor_serial/install/rft_sensor_serial/share/rft_sensor_serial/srv/Multiplier.idl
[3.448s] -- Installing: /ros2_ws/src/rft_sensor_serial/install/rft_sensor_serial/share/rft_sensor_serial/srv/RftOperation.srv
[3.448s] -- Installing: /ros2_ws/src/rft_sensor_serial/install/rft_sensor_serial/share/rft_sensor_serial/srv/RftOperation_Request.msg
[3.448s] -- Installing: /ros2_ws/src/rft_sensor_serial/install/rft_sensor_serial/share/rft_sensor_serial/srv/RftOperation_Response.msg
[3.448s] -- Installing: /ros2_ws/src/rft_sensor_serial/install/rft_sensor_serial/share/rft_sensor_serial/srv/Multiplier.srv
[3.448s] -- Installing: /ros2_ws/src/rft_sensor_serial/install/rft_sensor_serial/share/rft_sensor_serial/srv/Multiplier_Request.msg
[3.448s] -- Installing: /ros2_ws/src/rft_sensor_serial/install/rft_sensor_serial/share/rft_sensor_serial/srv/Multiplier_Response.msg
[3.448s] -- Installing: /ros2_ws/src/rft_sensor_serial/install/rft_sensor_serial/lib/rft_sensor_serial/rft_sensor_serial_node
[3.448s] -- Set runtime path of "/ros2_ws/src/rft_sensor_serial/install/rft_sensor_serial/lib/rft_sensor_serial/rft_sensor_serial_node" to ""
[3.448s] -- Installing: /ros2_ws/src/rft_sensor_serial/install/rft_sensor_serial/lib/librft_sensor_serial_hardware.so
[3.449s] -- Set runtime path of "/ros2_ws/src/rft_sensor_serial/install/rft_sensor_serial/lib/librft_sensor_serial_hardware.so" to ""
[3.449s] -- Up-to-date: /ros2_ws/src/rft_sensor_serial/install/rft_sensor_serial/include/
[3.449s] -- Up-to-date: /ros2_ws/src/rft_sensor_serial/install/rft_sensor_serial/include//rft_sensor_serial
[3.449s] -- Installing: /ros2_ws/src/rft_sensor_serial/install/rft_sensor_serial/include//rft_sensor_serial/hardware
[3.449s] -- Installing: /ros2_ws/src/rft_sensor_serial/install/rft_sensor_serial/include//rft_sensor_serial/hardware/rft_sensor_hardware.hpp
[3.449s] -- Installing: /ros2_ws/src/rft_sensor_serial/install/rft_sensor_serial/include//rft_sensor_serial/RFT_COM.h
[3.449s] -- Installing: /ros2_ws/src/rft_sensor_serial/install/rft_sensor_serial/include//rft_sensor_serial/RFT_IF_PACKET_Rev1.2.h
[3.449s] -- Installing: /ros2_ws/src/rft_sensor_serial/install/rft_sensor_serial/share/rft_sensor_serial/rft_sensor_hardware.xml
[3.449s] -- Installing: /ros2_ws/src/rft_sensor_serial/install/rft_sensor_serial/share/ament_index/resource_index/package_run_dependencies/rft_sensor_serial
[3.449s] -- Installing: /ros2_ws/src/rft_sensor_serial/install/rft_sensor_serial/share/ament_index/resource_index/parent_prefix_path/rft_sensor_serial
[3.449s] -- Installing: /ros2_ws/src/rft_sensor_serial/install/rft_sensor_serial/share/rft_sensor_serial/environment/ament_prefix_path.sh
[3.449s] -- Installing: /ros2_ws/src/rft_sensor_serial/install/rft_sensor_serial/share/rft_sensor_serial/environment/ament_prefix_path.dsv
[3.449s] -- Installing: /ros2_ws/src/rft_sensor_serial/install/rft_sensor_serial/share/rft_sensor_serial/environment/path.sh
[3.449s] -- Installing: /ros2_ws/src/rft_sensor_serial/install/rft_sensor_serial/share/rft_sensor_serial/environment/path.dsv
[3.449s] -- Installing: /ros2_ws/src/rft_sensor_serial/install/rft_sensor_serial/share/rft_sensor_serial/local_setup.bash
[3.449s] -- Installing: /ros2_ws/src/rft_sensor_serial/install/rft_sensor_serial/share/rft_sensor_serial/local_setup.sh
[3.449s] -- Installing: /ros2_ws/src/rft_sensor_serial/install/rft_sensor_serial/share/rft_sensor_serial/local_setup.zsh
[3.450s] -- Installing: /ros2_ws/src/rft_sensor_serial/install/rft_sensor_serial/share/rft_sensor_serial/local_setup.dsv
[3.450s] -- Up-to-date: /ros2_ws/src/rft_sensor_serial/install/rft_sensor_serial/share/rft_sensor_serial/package.dsv
[3.450s] -- Installing: /ros2_ws/src/rft_sensor_serial/install/rft_sensor_serial/share/ament_index/resource_index/packages/rft_sensor_serial
[3.450s] -- Installing: /ros2_ws/src/rft_sensor_serial/install/rft_sensor_serial/share/ament_index/resource_index/hardware_interface__pluginlib__plugin/rft_sensor_serial
[3.450s] -- Installing: /ros2_ws/src/rft_sensor_serial/install/rft_sensor_serial/share/rft_sensor_serial/cmake/export_rft_sensor_serial__rosidl_generator_cExport.cmake
[3.450s] -- Installing: /ros2_ws/src/rft_sensor_serial/install/rft_sensor_serial/share/rft_sensor_serial/cmake/export_rft_sensor_serial__rosidl_generator_cExport-noconfig.cmake
[3.450s] -- Installing: /ros2_ws/src/rft_sensor_serial/install/rft_sensor_serial/share/rft_sensor_serial/cmake/export_rft_sensor_serial__rosidl_typesupport_fastrtps_cExport.cmake
[3.450s] -- Installing: /ros2_ws/src/rft_sensor_serial/install/rft_sensor_serial/share/rft_sensor_serial/cmake/export_rft_sensor_serial__rosidl_typesupport_fastrtps_cExport-noconfig.cmake
[3.450s] -- Installing: /ros2_ws/src/rft_sensor_serial/install/rft_sensor_serial/share/rft_sensor_serial/cmake/export_rft_sensor_serial__rosidl_generator_cppExport.cmake
[3.450s] -- Installing: /ros2_ws/src/rft_sensor_serial/install/rft_sensor_serial/share/rft_sensor_serial/cmake/export_rft_sensor_serial__rosidl_typesupport_fastrtps_cppExport.cmake
[3.450s] -- Installing: /ros2_ws/src/rft_sensor_serial/install/rft_sensor_serial/share/rft_sensor_serial/cmake/export_rft_sensor_serial__rosidl_typesupport_fastrtps_cppExport-noconfig.cmake
[3.450s] -- Installing: /ros2_ws/src/rft_sensor_serial/install/rft_sensor_serial/share/rft_sensor_serial/cmake/rft_sensor_serial__rosidl_typesupport_introspection_cExport.cmake
[3.450s] -- Installing: /ros2_ws/src/rft_sensor_serial/install/rft_sensor_serial/share/rft_sensor_serial/cmake/rft_sensor_serial__rosidl_typesupport_introspection_cExport-noconfig.cmake
[3.450s] -- Installing: /ros2_ws/src/rft_sensor_serial/install/rft_sensor_serial/share/rft_sensor_serial/cmake/rft_sensor_serial__rosidl_typesupport_cExport.cmake
[3.450s] -- Installing: /ros2_ws/src/rft_sensor_serial/install/rft_sensor_serial/share/rft_sensor_serial/cmake/rft_sensor_serial__rosidl_typesupport_cExport-noconfig.cmake
[3.450s] -- Installing: /ros2_ws/src/rft_sensor_serial/install/rft_sensor_serial/share/rft_sensor_serial/cmake/rft_sensor_serial__rosidl_typesupport_introspection_cppExport.cmake
[3.450s] -- Installing: /ros2_ws/src/rft_sensor_serial/install/rft_sensor_serial/share/rft_sensor_serial/cmake/rft_sensor_serial__rosidl_typesupport_introspection_cppExport-noconfig.cmake
[3.450s] -- Installing: /ros2_ws/src/rft_sensor_serial/install/rft_sensor_serial/share/rft_sensor_serial/cmake/rft_sensor_serial__rosidl_typesupport_cppExport.cmake
[3.450s] -- Installing: /ros2_ws/src/rft_sensor_serial/install/rft_sensor_serial/share/rft_sensor_serial/cmake/rft_sensor_serial__rosidl_typesupport_cppExport-noconfig.cmake
[3.450s] -- Installing: /ros2_ws/src/rft_sensor_serial/install/rft_sensor_serial/share/rft_sensor_serial/cmake/export_rft_sensor_serial__rosidl_generator_pyExport.cmake
[3.450s] -- Installing: /ros2_ws/src/rft_sensor_serial/install/rft_sensor_serial/share/rft_sensor_serial/cmake/export_rft_sensor_serial__rosidl_generator_pyExport-noconfig.cmake
[3.450s] -- Installing: /ros2_ws/src/rft_sensor_serial/install/rft_sensor_serial/share/rft_sensor_serial/cmake/rosidl_cmake-extras.cmake
[3.450s] -- Installing: /ros2_ws/src/rft_sensor_serial/install/rft_sensor_serial/share/rft_sensor_serial/cmake/ament_cmake_export_dependencies-extras.cmake
[3.450s] -- Installing: /ros2_ws/src/rft_sensor_serial/install/rft_sensor_serial/share/rft_sensor_serial/cmake/ament_cmake_export_include_directories-extras.cmake
[3.451s] -- Installing: /ros2_ws/src/rft_sensor_serial/install/rft_sensor_serial/share/rft_sensor_serial/cmake/ament_cmake_export_libraries-extras.cmake
[3.451s] -- Installing: /ros2_ws/src/rft_sensor_serial/install/rft_sensor_serial/share/rft_sensor_serial/cmake/ament_cmake_export_targets-extras.cmake
[3.451s] -- Installing: /ros2_ws/src/rft_sensor_serial/install/rft_sensor_serial/share/rft_sensor_serial/cmake/rosidl_cmake_export_typesupport_targets-extras.cmake
[3.451s] -- Installing: /ros2_ws/src/rft_sensor_serial/install/rft_sensor_serial/share/rft_sensor_serial/cmake/rosidl_cmake_export_typesupport_libraries-extras.cmake
[3.451s] -- Installing: /ros2_ws/src/rft_sensor_serial/install/rft_sensor_serial/share/rft_sensor_serial/cmake/rft_sensor_serialConfig.cmake
[3.451s] -- Installing: /ros2_ws/src/rft_sensor_serial/install/rft_sensor_serial/share/rft_sensor_serial/cmake/rft_sensor_serialConfig-version.cmake
[3.451s] -- Installing: /ros2_ws/src/rft_sensor_serial/install/rft_sensor_serial/share/rft_sensor_serial/package.xml
[3.452s] Invoked command in '/ros2_ws/src/rft_sensor_serial/build/rft_sensor_serial' returned '0': CMAKE_PREFIX_PATH=/opt/ros/humble /usr/bin/cmake --install /ros2_ws/src/rft_sensor_serial/build/rft_sensor_serial
