-- The C compiler identification is GNU 11.4.0
-- The CXX compiler identification is GNU 11.4.0
-- Detecting C compiler ABI info
-- Detecting C compiler ABI info - done
-- Check for working C compiler: /usr/bin/cc - skipped
-- Detecting C compile features
-- Detecting C compile features - done
-- Detecting CXX compiler ABI info
-- Detecting CXX compiler ABI info - done
-- Check for working CXX compiler: /usr/bin/c++ - skipped
-- Detecting CXX compile features
-- Detecting CXX compile features - done
-- Found ament_cmake: 1.3.11 (/opt/ros/humble/share/ament_cmake/cmake)
-- Found Python3: /usr/bin/python3 (found version "3.10.12") found components: Interpreter 
-- Found rclcpp: 16.0.11 (/opt/ros/humble/share/rclcpp/cmake)
-- Found rosidl_generator_c: 3.1.5 (/opt/ros/humble/share/rosidl_generator_c/cmake)
-- Found rosidl_adapter: 3.1.5 (/opt/ros/humble/share/rosidl_adapter/cmake)
-- Found rosidl_generator_cpp: 3.1.5 (/opt/ros/humble/share/rosidl_generator_cpp/cmake)
-- Using all available rosidl_typesupport_c: rosidl_typesupport_fastrtps_c;rosidl_typesupport_introspection_c
-- Using all available rosidl_typesupport_cpp: rosidl_typesupport_fastrtps_cpp;rosidl_typesupport_introspection_cpp
-- Found rmw_implementation_cmake: 6.1.1 (/opt/ros/humble/share/rmw_implementation_cmake/cmake)
-- Found rmw_fastrtps_cpp: 6.2.6 (/opt/ros/humble/share/rmw_fastrtps_cpp/cmake)
-- Found OpenSSL: /usr/lib/x86_64-linux-gnu/libcrypto.so (found version "3.0.2")  
-- Found FastRTPS: /opt/ros/humble/include  
-- Using RMW implementation 'rmw_fastrtps_cpp' as default
-- Looking for pthread.h
-- Looking for pthread.h - found
-- Performing Test CMAKE_HAVE_LIBC_PTHREAD
-- Performing Test CMAKE_HAVE_LIBC_PTHREAD - Success
-- Found Threads: TRUE  
-- Found geometry_msgs: 4.2.4 (/opt/ros/humble/share/geometry_msgs/cmake)
-- Found rosidl_default_generators: 1.2.0 (/opt/ros/humble/share/rosidl_default_generators/cmake)
-- Found hardware_interface: 2.47.0 (/opt/ros/humble/share/hardware_interface/cmake)
-- Found ament_cmake_ros: 0.10.0 (/opt/ros/humble/share/ament_cmake_ros/cmake)
-- Using all available rosidl_typesupport_c: rosidl_typesupport_fastrtps_c;rosidl_typesupport_introspection_c
-- Using all available rosidl_typesupport_cpp: rosidl_typesupport_fastrtps_cpp;rosidl_typesupport_introspection_cpp
-- Found PythonInterp: /usr/bin/python3 (found suitable version "3.10.12", minimum required is "3.6") 
-- Found python_cmake_module: 0.10.0 (/opt/ros/humble/share/python_cmake_module/cmake)
-- Found PythonLibs: /usr/lib/x86_64-linux-gnu/libpython3.10.so (found suitable version "3.10.12", minimum required is "3.5") 
-- Using PYTHON_EXECUTABLE: /usr/bin/python3
-- Using PYTHON_INCLUDE_DIRS: /usr/include/python3.10
-- Using PYTHON_LIBRARIES: /usr/lib/x86_64-linux-gnu/libpython3.10.so
-- Found PythonExtra: .so  
-- Configuring done
-- Generating done
-- Build files have been written to: /ros2_ws/src/rft_sensor_serial/build/rft_sensor_serial
[  2%] [34m[1mGenerating C code for ROS interfaces[0m
[  4%] [32mBuilding CXX object CMakeFiles/rft_sensor_serial_hardware.dir/src/RFT_COM.cpp.o[0m
[  6%] [32mBuilding CXX object CMakeFiles/rft_sensor_serial_hardware.dir/src/RFT_IF_PACKET_Rev1.2.cpp.o[0m
[  6%] Built target ament_cmake_python_copy_rft_sensor_serial
[  8%] [34m[1mGenerating C++ code for ROS interfaces[0m
[ 10%] [32mBuilding CXX object CMakeFiles/rft_sensor_serial_hardware.dir/src/hardware/rft_sensor_hardware.cpp.o[0m
In file included from [01m[K/ros2_ws/src/rft_sensor_serial/src/hardware/rft_sensor_hardware.cpp:1[m[K:
[01m[K/ros2_ws/src/rft_sensor_serial/include/rft_sensor_serial/hardware/rft_sensor_hardware.hpp:9:10:[m[K [01;31m[Kfatal error: [m[Khardware_interface/types/return_type.hpp: No such file or directory
    9 | #include [01;31m[K"hardware_interface/types/return_type.hpp"[m[K
      |          [01;31m[K^~~~~~~~~~~~~~~~~~~~~~~~~~~~~~~~~~~~~~~~~~[m[K
compilation terminated.
gmake[2]: *** [CMakeFiles/rft_sensor_serial_hardware.dir/build.make:76: CMakeFiles/rft_sensor_serial_hardware.dir/src/hardware/rft_sensor_hardware.cpp.o] Error 1
gmake[1]: *** [CMakeFiles/Makefile2:621: CMakeFiles/rft_sensor_serial_hardware.dir/all] Error 2
gmake[1]: *** Waiting for unfinished jobs....
running egg_info
creating rft_sensor_serial.egg-info
writing rft_sensor_serial.egg-info/PKG-INFO
writing dependency_links to rft_sensor_serial.egg-info/dependency_links.txt
writing top-level names to rft_sensor_serial.egg-info/top_level.txt
writing manifest file 'rft_sensor_serial.egg-info/SOURCES.txt'
reading manifest file 'rft_sensor_serial.egg-info/SOURCES.txt'
writing manifest file 'rft_sensor_serial.egg-info/SOURCES.txt'
[ 10%] Built target ament_cmake_python_build_rft_sensor_serial_egg
[ 10%] Built target rft_sensor_serial__cpp
[ 14%] [32mBuilding C object CMakeFiles/rft_sensor_serial__rosidl_generator_c.dir/rosidl_generator_c/rft_sensor_serial/srv/detail/rft_operation__functions.c.o[0m
[ 14%] [32mBuilding C object CMakeFiles/rft_sensor_serial__rosidl_generator_c.dir/rosidl_generator_c/rft_sensor_serial/srv/detail/multiplier__functions.c.o[0m
[ 17%] [32m[1mLinking C shared library librft_sensor_serial__rosidl_generator_c.so[0m
[ 17%] Built target rft_sensor_serial__rosidl_generator_c
gmake: *** [Makefile:146: all] Error 2
