[0.005s] Invoking command in '/ros2_ws/src/rft_sensor_serial/build/rft_sensor_serial': CMAKE_PREFIX_PATH=/opt/ros/humble /usr/bin/cmake /ros2_ws/src/rft_sensor_serial -DCMAKE_INSTALL_PREFIX=/ros2_ws/src/rft_sensor_serial/install/rft_sensor_serial
[0.066s] -- The C compiler identification is GNU 11.4.0
[0.110s] -- The CXX compiler identification is GNU 11.4.0
[0.114s] -- Detecting C compiler ABI info
[0.190s] -- Detecting C compiler ABI info - done
[0.195s] -- Check for working C compiler: /usr/bin/cc - skipped
[0.195s] -- Detecting C compile features
[0.195s] -- Detecting C compile features - done
[0.198s] -- Detecting CXX compiler ABI info
[0.278s] -- Detecting CXX compiler ABI info - done
[0.283s] -- Check for working CXX compiler: /usr/bin/c++ - skipped
[0.283s] -- Detecting CXX compile features
[0.283s] -- Detecting CXX compile features - done
[0.284s] -- Found ament_cmake: 1.3.11 (/opt/ros/humble/share/ament_cmake/cmake)
[0.413s] -- Found Python3: /usr/bin/python3 (found version "3.10.12") found components: Interpreter 
[0.475s] -- Found rclcpp: 16.0.11 (/opt/ros/humble/share/rclcpp/cmake)
[0.500s] -- Found rosidl_generator_c: 3.1.5 (/opt/ros/humble/share/rosidl_generator_c/cmake)
[0.503s] -- Found rosidl_adapter: 3.1.5 (/opt/ros/humble/share/rosidl_adapter/cmake)
[0.508s] -- Found rosidl_generator_cpp: 3.1.5 (/opt/ros/humble/share/rosidl_generator_cpp/cmake)
[0.515s] -- Using all available rosidl_typesupport_c: rosidl_typesupport_fastrtps_c;rosidl_typesupport_introspection_c
[0.526s] -- Using all available rosidl_typesupport_cpp: rosidl_typesupport_fastrtps_cpp;rosidl_typesupport_introspection_cpp
[0.564s] -- Found rmw_implementation_cmake: 6.1.1 (/opt/ros/humble/share/rmw_implementation_cmake/cmake)
[0.565s] -- Found rmw_fastrtps_cpp: 6.2.6 (/opt/ros/humble/share/rmw_fastrtps_cpp/cmake)
[0.642s] -- Found OpenSSL: /usr/lib/x86_64-linux-gnu/libcrypto.so (found version "3.0.2")  
[0.664s] -- Found FastRTPS: /opt/ros/humble/include  
[0.694s] -- Using RMW implementation 'rmw_fastrtps_cpp' as default
[0.699s] -- Looking for pthread.h
[0.776s] -- Looking for pthread.h - found
[0.776s] -- Performing Test CMAKE_HAVE_LIBC_PTHREAD
[0.859s] -- Performing Test CMAKE_HAVE_LIBC_PTHREAD - Success
[0.861s] -- Found Threads: TRUE  
[0.961s] -- Found geometry_msgs: 4.2.4 (/opt/ros/humble/share/geometry_msgs/cmake)
[0.984s] -- Found rosidl_default_generators: 1.2.0 (/opt/ros/humble/share/rosidl_default_generators/cmake)
[0.989s] -- Found hardware_interface: 2.47.0 (/opt/ros/humble/share/hardware_interface/cmake)
[1.433s] -- Found ament_cmake_ros: 0.10.0 (/opt/ros/humble/share/ament_cmake_ros/cmake)
[1.695s] -- Using all available rosidl_typesupport_c: rosidl_typesupport_fastrtps_c;rosidl_typesupport_introspection_c
[1.792s] -- Using all available rosidl_typesupport_cpp: rosidl_typesupport_fastrtps_cpp;rosidl_typesupport_introspection_cpp
[1.814s] -- Found PythonInterp: /usr/bin/python3 (found suitable version "3.10.12", minimum required is "3.6") 
[1.815s] -- Found python_cmake_module: 0.10.0 (/opt/ros/humble/share/python_cmake_module/cmake)
[1.840s] -- Found PythonLibs: /usr/lib/x86_64-linux-gnu/libpython3.10.so (found suitable version "3.10.12", minimum required is "3.5") 
[1.840s] -- Using PYTHON_EXECUTABLE: /usr/bin/python3
[1.840s] -- Using PYTHON_INCLUDE_DIRS: /usr/include/python3.10
[1.840s] -- Using PYTHON_LIBRARIES: /usr/lib/x86_64-linux-gnu/libpython3.10.so
[1.861s] -- Found PythonExtra: .so  
[1.936s] -- Configuring done
[1.964s] -- Generating done
[1.966s] -- Build files have been written to: /ros2_ws/src/rft_sensor_serial/build/rft_sensor_serial
[1.973s] Invoked command in '/ros2_ws/src/rft_sensor_serial/build/rft_sensor_serial' returned '0': CMAKE_PREFIX_PATH=/opt/ros/humble /usr/bin/cmake /ros2_ws/src/rft_sensor_serial -DCMAKE_INSTALL_PREFIX=/ros2_ws/src/rft_sensor_serial/install/rft_sensor_serial
[1.973s] Invoking command in '/ros2_ws/src/rft_sensor_serial/build/rft_sensor_serial': CMAKE_PREFIX_PATH=/opt/ros/humble /usr/bin/cmake --build /ros2_ws/src/rft_sensor_serial/build/rft_sensor_serial -- -j24 -l24
[2.007s] [  2%] [34m[1mGenerating C code for ROS interfaces[0m
[2.019s] [  4%] [32mBuilding CXX object CMakeFiles/rft_sensor_serial_hardware.dir/src/RFT_COM.cpp.o[0m
[2.020s] [  6%] [32mBuilding CXX object CMakeFiles/rft_sensor_serial_hardware.dir/src/RFT_IF_PACKET_Rev1.2.cpp.o[0m
[2.021s] [  6%] Built target ament_cmake_python_copy_rft_sensor_serial
[2.021s] [  8%] [34m[1mGenerating C++ code for ROS interfaces[0m
[2.021s] [ 10%] [32mBuilding CXX object CMakeFiles/rft_sensor_serial_hardware.dir/src/hardware/rft_sensor_hardware.cpp.o[0m
[2.103s] In file included from [01m[K/ros2_ws/src/rft_sensor_serial/src/hardware/rft_sensor_hardware.cpp:1[m[K:
[2.103s] [01m[K/ros2_ws/src/rft_sensor_serial/include/rft_sensor_serial/hardware/rft_sensor_hardware.hpp:9:10:[m[K [01;31m[Kfatal error: [m[Khardware_interface/types/return_type.hpp: No such file or directory
[2.103s]     9 | #include [01;31m[K"hardware_interface/types/return_type.hpp"[m[K
[2.103s]       |          [01;31m[K^~~~~~~~~~~~~~~~~~~~~~~~~~~~~~~~~~~~~~~~~~[m[K
[2.103s] compilation terminated.
[2.104s] gmake[2]: *** [CMakeFiles/rft_sensor_serial_hardware.dir/build.make:76: CMakeFiles/rft_sensor_serial_hardware.dir/src/hardware/rft_sensor_hardware.cpp.o] Error 1
[2.104s] gmake[1]: *** [CMakeFiles/Makefile2:621: CMakeFiles/rft_sensor_serial_hardware.dir/all] Error 2
[2.104s] gmake[1]: *** Waiting for unfinished jobs....
[2.140s] running egg_info
[2.140s] creating rft_sensor_serial.egg-info
[2.140s] writing rft_sensor_serial.egg-info/PKG-INFO
[2.140s] writing dependency_links to rft_sensor_serial.egg-info/dependency_links.txt
[2.140s] writing top-level names to rft_sensor_serial.egg-info/top_level.txt
[2.140s] writing manifest file 'rft_sensor_serial.egg-info/SOURCES.txt'
[2.141s] reading manifest file 'rft_sensor_serial.egg-info/SOURCES.txt'
[2.141s] writing manifest file 'rft_sensor_serial.egg-info/SOURCES.txt'
[2.157s] [ 10%] Built target ament_cmake_python_build_rft_sensor_serial_egg
[2.214s] [ 10%] Built target rft_sensor_serial__cpp
[2.217s] [ 14%] [32mBuilding C object CMakeFiles/rft_sensor_serial__rosidl_generator_c.dir/rosidl_generator_c/rft_sensor_serial/srv/detail/rft_operation__functions.c.o[0m
[2.217s] [ 14%] [32mBuilding C object CMakeFiles/rft_sensor_serial__rosidl_generator_c.dir/rosidl_generator_c/rft_sensor_serial/srv/detail/multiplier__functions.c.o[0m
[2.256s] [ 17%] [32m[1mLinking C shared library librft_sensor_serial__rosidl_generator_c.so[0m
[2.303s] [ 17%] Built target rft_sensor_serial__rosidl_generator_c
[2.304s] gmake: *** [Makefile:146: all] Error 2
[2.306s] Invoked command in '/ros2_ws/src/rft_sensor_serial/build/rft_sensor_serial' returned '2': CMAKE_PREFIX_PATH=/opt/ros/humble /usr/bin/cmake --build /ros2_ws/src/rft_sensor_serial/build/rft_sensor_serial -- -j24 -l24
